Archive member included to satisfy reference by file (symbol)

C:/ST/STM32CubeIDE_1.19.0/STM32CubeIDE/plugins/com.st.stm32cube.ide.mcu.externaltools.gnu-tools-for-stm32.13.3.rel1.win32_1.0.0.202411081344/tools/bin/../lib/gcc/arm-none-eabi/13.3.1/../../../../arm-none-eabi/lib/thumb/v7e-m+dp/hard\libc_nano.a(libc_a-exit.o)
                              C:/ST/STM32CubeIDE_1.19.0/STM32CubeIDE/plugins/com.st.stm32cube.ide.mcu.externaltools.gnu-tools-for-stm32.13.3.rel1.win32_1.0.0.202411081344/tools/bin/../lib/gcc/arm-none-eabi/13.3.1/../../../../arm-none-eabi/lib/thumb/v7e-m+dp/hard/crt0.o (exit)
C:/ST/STM32CubeIDE_1.19.0/STM32CubeIDE/plugins/com.st.stm32cube.ide.mcu.externaltools.gnu-tools-for-stm32.13.3.rel1.win32_1.0.0.202411081344/tools/bin/../lib/gcc/arm-none-eabi/13.3.1/../../../../arm-none-eabi/lib/thumb/v7e-m+dp/hard\libc_nano.a(libc_a-findfp.o)
                              C:/ST/STM32CubeIDE_1.19.0/STM32CubeIDE/plugins/com.st.stm32cube.ide.mcu.externaltools.gnu-tools-for-stm32.13.3.rel1.win32_1.0.0.202411081344/tools/bin/../lib/gcc/arm-none-eabi/13.3.1/../../../../arm-none-eabi/lib/thumb/v7e-m+dp/hard\libc_nano.a(libc_a-exit.o) (__stdio_exit_handler)
C:/ST/STM32CubeIDE_1.19.0/STM32CubeIDE/plugins/com.st.stm32cube.ide.mcu.externaltools.gnu-tools-for-stm32.13.3.rel1.win32_1.0.0.202411081344/tools/bin/../lib/gcc/arm-none-eabi/13.3.1/../../../../arm-none-eabi/lib/thumb/v7e-m+dp/hard\libc_nano.a(libc_a-fwalk.o)
                              C:/ST/STM32CubeIDE_1.19.0/STM32CubeIDE/plugins/com.st.stm32cube.ide.mcu.externaltools.gnu-tools-for-stm32.13.3.rel1.win32_1.0.0.202411081344/tools/bin/../lib/gcc/arm-none-eabi/13.3.1/../../../../arm-none-eabi/lib/thumb/v7e-m+dp/hard\libc_nano.a(libc_a-findfp.o) (_fwalk_sglue)
C:/ST/STM32CubeIDE_1.19.0/STM32CubeIDE/plugins/com.st.stm32cube.ide.mcu.externaltools.gnu-tools-for-stm32.13.3.rel1.win32_1.0.0.202411081344/tools/bin/../lib/gcc/arm-none-eabi/13.3.1/../../../../arm-none-eabi/lib/thumb/v7e-m+dp/hard\libc_nano.a(libc_a-stdio.o)
                              C:/ST/STM32CubeIDE_1.19.0/STM32CubeIDE/plugins/com.st.stm32cube.ide.mcu.externaltools.gnu-tools-for-stm32.13.3.rel1.win32_1.0.0.202411081344/tools/bin/../lib/gcc/arm-none-eabi/13.3.1/../../../../arm-none-eabi/lib/thumb/v7e-m+dp/hard\libc_nano.a(libc_a-findfp.o) (__sread)
C:/ST/STM32CubeIDE_1.19.0/STM32CubeIDE/plugins/com.st.stm32cube.ide.mcu.externaltools.gnu-tools-for-stm32.13.3.rel1.win32_1.0.0.202411081344/tools/bin/../lib/gcc/arm-none-eabi/13.3.1/../../../../arm-none-eabi/lib/thumb/v7e-m+dp/hard\libc_nano.a(libc_a-memset.o)
                              C:/ST/STM32CubeIDE_1.19.0/STM32CubeIDE/plugins/com.st.stm32cube.ide.mcu.externaltools.gnu-tools-for-stm32.13.3.rel1.win32_1.0.0.202411081344/tools/bin/../lib/gcc/arm-none-eabi/13.3.1/../../../../arm-none-eabi/lib/thumb/v7e-m+dp/hard/crt0.o (memset)
C:/ST/STM32CubeIDE_1.19.0/STM32CubeIDE/plugins/com.st.stm32cube.ide.mcu.externaltools.gnu-tools-for-stm32.13.3.rel1.win32_1.0.0.202411081344/tools/bin/../lib/gcc/arm-none-eabi/13.3.1/../../../../arm-none-eabi/lib/thumb/v7e-m+dp/hard\libc_nano.a(libc_a-closer.o)
                              C:/ST/STM32CubeIDE_1.19.0/STM32CubeIDE/plugins/com.st.stm32cube.ide.mcu.externaltools.gnu-tools-for-stm32.13.3.rel1.win32_1.0.0.202411081344/tools/bin/../lib/gcc/arm-none-eabi/13.3.1/../../../../arm-none-eabi/lib/thumb/v7e-m+dp/hard\libc_nano.a(libc_a-stdio.o) (_close_r)
C:/ST/STM32CubeIDE_1.19.0/STM32CubeIDE/plugins/com.st.stm32cube.ide.mcu.externaltools.gnu-tools-for-stm32.13.3.rel1.win32_1.0.0.202411081344/tools/bin/../lib/gcc/arm-none-eabi/13.3.1/../../../../arm-none-eabi/lib/thumb/v7e-m+dp/hard\libc_nano.a(libc_a-reent.o)
                              C:/ST/STM32CubeIDE_1.19.0/STM32CubeIDE/plugins/com.st.stm32cube.ide.mcu.externaltools.gnu-tools-for-stm32.13.3.rel1.win32_1.0.0.202411081344/tools/bin/../lib/gcc/arm-none-eabi/13.3.1/../../../../arm-none-eabi/lib/thumb/v7e-m+dp/hard\libc_nano.a(libc_a-closer.o) (errno)
C:/ST/STM32CubeIDE_1.19.0/STM32CubeIDE/plugins/com.st.stm32cube.ide.mcu.externaltools.gnu-tools-for-stm32.13.3.rel1.win32_1.0.0.202411081344/tools/bin/../lib/gcc/arm-none-eabi/13.3.1/../../../../arm-none-eabi/lib/thumb/v7e-m+dp/hard\libc_nano.a(libc_a-impure.o)
                              C:/ST/STM32CubeIDE_1.19.0/STM32CubeIDE/plugins/com.st.stm32cube.ide.mcu.externaltools.gnu-tools-for-stm32.13.3.rel1.win32_1.0.0.202411081344/tools/bin/../lib/gcc/arm-none-eabi/13.3.1/../../../../arm-none-eabi/lib/thumb/v7e-m+dp/hard\libc_nano.a(libc_a-reent.o) (_impure_ptr)
C:/ST/STM32CubeIDE_1.19.0/STM32CubeIDE/plugins/com.st.stm32cube.ide.mcu.externaltools.gnu-tools-for-stm32.13.3.rel1.win32_1.0.0.202411081344/tools/bin/../lib/gcc/arm-none-eabi/13.3.1/../../../../arm-none-eabi/lib/thumb/v7e-m+dp/hard\libc_nano.a(libc_a-lseekr.o)
[...]
Memory Configuration

Name             Origin             Length             Attributes
RAM              0x24000000         0x00071c00         xrw
ITCM             0x00000000         0x00010000         xrw
DTCM             0x20000000         0x00010000         rw
SRAMAHB          0x30000000         0x00008000         rw
BKPSRAM          0x38800000         0x00001000         rw
FLASH            0x08000000         0x00010000         xrw
*default*        0x00000000         0xffffffff

Linker script and memory map

LOAD C:/ST/STM32CubeIDE_1.19.0/STM32CubeIDE/plugins/com.st.stm32cube.ide.mcu.externaltools.gnu-tools-for-stm32.13.3.rel1.win32_1.0.0.202411081344/tools/bin/../lib/gcc/arm-none-eabi/13.3.1/thumb/v7e-m+dp/hard/crti.o
LOAD C:/ST/STM32CubeIDE_1.19.0/STM32CubeIDE/plugins/com.st.stm32cube.ide.mcu.externaltools.gnu-tools-for-stm32.13.3.rel1.win32_1.0.0.202411081344/tools/bin/../lib/gcc/arm-none-eabi/13.3.1/thumb/v7e-m+dp/hard/crtbegin.o
LOAD C:/ST/STM32CubeIDE_1.19.0/STM32CubeIDE/plugins/com.st.stm32cube.ide.mcu.externaltools.gnu-tools-for-stm32.13.3.rel1.win32_1.0.0.202411081344/tools/bin/../lib/gcc/arm-none-eabi/13.3.1/../../../../arm-none-eabi/lib/thumb/v7e-m+dp/hard/crt0.o
LOAD ./Core/Src/esp32_paquet.o
LOAD ./Core/Src/main.o
LOAD ./Core/Src/stm32h7rsxx_hal_msp.o
LOAD ./Core/Src/stm32h7rsxx_it.o
LOAD ./Core/Src/syscalls.o
LOAD ./Core/Src/sysmem.o
LOAD ./Core/Src/system_stm32h7rsxx.o
LOAD ./Core/Startup/startup_stm32h7s3l8hx.o
LOAD ./Drivers/STM32H7RSxx_HAL_Driver/stm32h7rsxx_hal.o
LOAD ./Drivers/STM32H7RSxx_HAL_Driver/stm32h7rsxx_hal_adc.o
LOAD ./Drivers/STM32H7RSxx_HAL_Driver/stm32h7rsxx_hal_adc_ex.o
LOAD ./Drivers/STM32H7RSxx_HAL_Driver/stm32h7rsxx_hal_cortex.o
LOAD ./Drivers/STM32H7RSxx_HAL_Driver/stm32h7rsxx_hal_dma.o
LOAD ./Drivers/STM32H7RSxx_HAL_Driver/stm32h7rsxx_hal_dma_ex.o
LOAD ./Drivers/STM32H7RSxx_HAL_Driver/stm32h7rsxx_hal_exti.o
LOAD ./Drivers/STM32H7RSxx_HAL_Driver/stm32h7rsxx_hal_flash.o
LOAD ./Drivers/STM32H7RSxx_HAL_Driver/stm32h7rsxx_hal_flash_ex.o
LOAD ./Drivers/STM32H7RSxx_HAL_Driver/stm32h7rsxx_hal_gpio.o
LOAD ./Drivers/STM32H7RSxx_HAL_Driver/stm32h7rsxx_hal_pwr.o
LOAD ./Drivers/STM32H7RSxx_HAL_Driver/stm32h7rsxx_hal_pwr_ex.o
LOAD ./Drivers/STM32H7RSxx_HAL_Driver/stm32h7rsxx_hal_rcc.o
LOAD ./Drivers/STM32H7RSxx_HAL_Driver/stm32h7rsxx_hal_rcc_ex.o
LOAD ./Drivers/STM32H7RSxx_HAL_Driver/stm32h7rsxx_hal_tim.o
LOAD ./Drivers/STM32H7RSxx_HAL_Driver/stm32h7rsxx_hal_tim_ex.o
LOAD ./Drivers/STM32H7RSxx_HAL_Driver/stm32h7rsxx_hal_uart.o
LOAD ./Drivers/STM32H7RSxx_HAL_Driver/stm32h7rsxx_hal_uart_ex.o
START GROUP
LOAD C:/ST/STM32CubeIDE_1.19.0/STM32CubeIDE/plugins/com.st.stm32cube.ide.mcu.externaltools.gnu-tools-for-stm32.13.3.rel1.win32_1.0.0.202411081344/tools/bin/../lib/gcc/arm-none-eabi/13.3.1/../../../../arm-none-eabi/lib/thumb/v7e-m+dp/hard\libc_nano.a
LOAD C:/ST/STM32CubeIDE_1.19.0/STM32CubeIDE/plugins/com.st.stm32cube.ide.mcu.externaltools.gnu-tools-for-stm32.13.3.rel1.win32_1.0.0.202411081344/tools/bin/../lib/gcc/arm-none-eabi/13.3.1/../../../../arm-none-eabi/lib/thumb/v7e-m+dp/hard\libm.a
END GROUP
START GROUP
LOAD C:/ST/STM32CubeIDE_1.19.0/STM32CubeIDE/plugins/com.st.stm32cube.ide.mcu.externaltools.gnu-tools-for-stm32.13.3.rel1.win32_1.0.0.202411081344/tools/bin/../lib/gcc/arm-none-eabi/13.3.1/thumb/v7e-m+dp/hard\libgcc.a
LOAD C:/ST/STM32CubeIDE_1.19.0/STM32CubeIDE/plugins/com.st.stm32cube.ide.mcu.externaltools.gnu-tools-for-stm32.13.3.rel1.win32_1.0.0.202411081344/tools/bin/../lib/gcc/arm-none-eabi/13.3.1/../../../../arm-none-eabi/lib/thumb/v7e-m+dp/hard\libc_nano.a
END GROUP
START GROUP
LOAD C:/ST/STM32CubeIDE_1.19.0/STM32CubeIDE/plugins/com.st.stm32cube.ide.mcu.externaltools.gnu-tools-for-stm32.13.3.rel1.win32_1.0.0.202411081344/tools/bin/../lib/gcc/arm-none-eabi/13.3.1/thumb/v7e-m+dp/hard\libgcc.a
LOAD C:/ST/STM32CubeIDE_1.19.0/STM32CubeIDE/plugins/com.st.stm32cube.ide.mcu.externaltools.gnu-tools-for-stm32.13.3.rel1.win32_1.0.0.202411081344/tools/bin/../lib/gcc/arm-none-eabi/13.3.1/../../../../arm-none-eabi/lib/thumb/v7e-m+dp/hard\libc_nano.a
LOAD C:/ST/STM32CubeIDE_1.19.0/STM32CubeIDE/plugins/com.st.stm32cube.ide.mcu.externaltools.gnu-tools-for-stm32.13.3.rel1.win32_1.0.0.202411081344/tools/bin/../lib/gcc/arm-none-eabi/13.3.1/../../../../arm-none-eabi/lib/thumb/v7e-m+dp/hard\libnosys.a
END GROUP
START GROUP
LOAD C:/ST/STM32CubeIDE_1.19.0/STM32CubeIDE/plugins/com.st.stm32cube.ide.mcu.externaltools.gnu-tools-for-stm32.13.3.rel1.win32_1.0.0.202411081344/tools/bin/../lib/gcc/arm-none-eabi/13.3.1/thumb/v7e-m+dp/hard\libgcc.a
LOAD C:/ST/STM32CubeIDE_1.19.0/STM32CubeIDE/plugins/com.st.stm32cube.ide.mcu.externaltools.gnu-tools-for-stm32.13.3.rel1.win32_1.0.0.202411081344/tools/bin/../lib/gcc/arm-none-eabi/13.3.1/../../../../arm-none-eabi/lib/thumb/v7e-m+dp/hard\libc_nano.a
LOAD C:/ST/STM32CubeIDE_1.19.0/STM32CubeIDE/plugins/com.st.stm32cube.ide.mcu.externaltools.gnu-tools-for-stm32.13.3.rel1.win32_1.0.0.202411081344/tools/bin/../lib/gcc/arm-none-eabi/13.3.1/../../../../arm-none-eabi/lib/thumb/v7e-m+dp/hard\libnosys.a
END GROUP
LOAD C:/ST/STM32CubeIDE_1.19.0/STM32CubeIDE/plugins/com.st.stm32cube.ide.mcu.externaltools.gnu-tools-for-stm32.13.3.rel1.win32_1.0.0.202411081344/tools/bin/../lib/gcc/arm-none-eabi/13.3.1/thumb/v7e-m+dp/hard/crtend.o
LOAD C:/ST/STM32CubeIDE_1.19.0/STM32CubeIDE/plugins/com.st.stm32cube.ide.mcu.externaltools.gnu-tools-for-stm32.13.3.rel1.win32_1.0.0.202411081344/tools/bin/../lib/gcc/arm-none-eabi/13.3.1/thumb/v7e-m+dp/hard/crtn.o
                0x20010000                        _estack = (ORIGIN (DTCM) + LENGTH (DTCM))
                0x00000200                        _Min_Heap_Size = 0x200
                0x00000400                        _Min_Stack_Size = 0x400
                0x08000000                        __FLASH_BEGIN = 0x8000000
                0x00010000                        __FLASH_SIZE = 0x10000
                0x24000000                        __RAM_BEGIN = 0x24000000
                0x00071c00                        __RAM_SIZE = 0x71c00

.isr_vector     0x08000000      0x2b0
                0x08000000                        . = ALIGN (0x4)
 *(.isr_vector)
 .isr_vector    0x08000000      0x2b0 ./Core/Startup/startup_stm32h7s3l8hx.o
                0x08000000                g_pfnVectors
                0x080002b0                        . = ALIGN (0x4)

.text           0x080002b0     0x9274
                0x080002b0                        . = ALIGN (0x4)
 *(.text)
 .text          0x080002b0       0x40 C:/ST/STM32CubeIDE_1.19.0/STM32CubeIDE/plugins/com.st.stm32cube.ide.mcu.externaltools.gnu-tools-for-stm32.13.3.rel1.win32_1.0.0.202411081344/tools/bin/../lib/gcc/arm-none-eabi/13.3.1/thumb/v7e-m+dp/hard/crtbegin.o
 .text          0x080002f0       0x30 C:/ST/STM32CubeIDE_1.19.0/STM32CubeIDE/plugins/com.st.stm32cube.ide.mcu.externaltools.gnu-tools-for-stm32.13.3.rel1.win32_1.0.0.202411081344/tools/bin/../lib/gcc/arm-none-eabi/13.3.1/thumb/v7e-m+dp/hard\libgcc.a(_aeabi_uldivmod.o)
                0x080002f0                __aeabi_uldivmod
 .text          0x08000320      0x2f8 C:/ST/STM32CubeIDE_1.19.0/STM32CubeIDE/plugins/com.st.stm32cube.ide.mcu.externaltools.gnu-tools-for-stm32.13.3.rel1.win32_1.0.0.202411081344/tools/bin/../lib/gcc/arm-none-eabi/13.3.1/thumb/v7e-m+dp/hard\libgcc.a(_udivmoddi4.o)
                0x08000320                __udivmoddi4
 .text          0x08000618        0x4 C:/ST/STM32CubeIDE_1.19.0/STM32CubeIDE/plugins/com.st.stm32cube.ide.mcu.externaltools.gnu-tools-for-stm32.13.3.rel1.win32_1.0.0.202411081344/tools/bin/../lib/gcc/arm-none-eabi/13.3.1/thumb/v7e-m+dp/hard\libgcc.a(_dvmd_tls.o)
                0x08000618                __aeabi_idiv0
                0x08000618                __aeabi_ldiv0
 *(.text*)
 .text.calculate_checksum
                0x0800061c       0x90 ./Core/Src/esp32_paquet.o
                0x0800061c                calculate_checksum
 .text.send_buffer_to_esp32
                0x080006ac       0xbc ./Core/Src/esp32_paquet.o
                0x080006ac                send_buffer_to_esp32
 .text.HAL_GPIO_EXTI_Callback
                0x08000768       0x78 ./Core/Src/main.o
                0x08000768                HAL_GPIO_EXTI_Callback
 .text.handle_capture_logic
                0x080007e0      0x11c ./Core/Src/main.o
                0x080007e0                handle_capture_logic
 .text.HAL_ADC_ConvHalfCpltCallback
                0x080008fc       0x18 ./Core/Src/main.o
                0x080008fc                HAL_ADC_ConvHalfCpltCallback
 .text.HAL_ADC_ConvCpltCallback
                0x08000914       0x18 ./Core/Src/main.o
                0x08000914                HAL_ADC_ConvCpltCallback
 .text.HAL_UART_TxCpltCallback
                0x0800092c       0x34 ./Core/Src/main.o
                0x0800092c                HAL_UART_TxCpltCallback
 .text.HAL_UART_ErrorCallback
                0x08000960       0x3c ./Core/Src/main.o
                0x08000960                HAL_UART_ErrorCallback
 .text.main     0x0800099c      0x198 ./Core/Src/main.o
                0x0800099c                main
 .text.SystemClock_Config
                0x08000b34       0xc8 ./Core/Src/main.o
                0x08000b34                SystemClock_Config
 .text.PeriphCommonClock_Config
                0x08000bfc       0x34 ./Core/Src/main.o
                0x08000bfc                PeriphCommonClock_Config
 .text.MX_ADC1_Init
                0x08000c30       0xf8 ./Core/Src/main.o
 .text.MX_GPDMA1_Init
                0x08000d28       0x4c ./Core/Src/main.o
 .text.MX_SBS_Init
                0x08000d74        0xe ./Core/Src/main.o
 *fill*         0x08000d82        0x2 
 .text.MX_TIM3_Init
                0x08000d84       0x9c ./Core/Src/main.o
 .text.MX_USART2_UART_Init
                0x08000e20       0x98 ./Core/Src/main.o
 .text.MX_GPIO_Init
                0x08000eb8      0x114 ./Core/Src/main.o
 .text.MPU_Config
                0x08000fcc       0x72 ./Core/Src/main.o
 .text.Error_Handler
                0x0800103e        0xc ./Core/Src/main.o
                0x0800103e                Error_Handler
 *fill*         0x0800104a        0x2 
 .text.HAL_MspInit
                0x0800104c       0x3c ./Core/Src/stm32h7rsxx_hal_msp.o
                0x0800104c                HAL_MspInit
 .text.HAL_ADC_MspInit
                0x08001088      0x224 ./Core/Src/stm32h7rsxx_hal_msp.o
                0x08001088                HAL_ADC_MspInit
 .text.HAL_TIM_Base_MspInit
                0x080012ac       0x40 ./Core/Src/stm32h7rsxx_hal_msp.o
                0x080012ac                HAL_TIM_Base_MspInit
 .text.HAL_UART_MspInit
                0x080012ec      0x164 ./Core/Src/stm32h7rsxx_hal_msp.o
                0x080012ec                HAL_UART_MspInit
 .text.NMI_Handler
                0x08001450        0x8 ./Core/Src/stm32h7rsxx_it.o
                0x08001450                NMI_Handler
 .text.HardFault_Handler
                0x08001458        0x8 ./Core/Src/stm32h7rsxx_it.o
                0x08001458                HardFault_Handler
 .text.MemManage_Handler
                0x08001460        0x8 ./Core/Src/stm32h7rsxx_it.o
                0x08001460                MemManage_Handler
 .text.BusFault_Handler
                0x08001468        0x8 ./Core/Src/stm32h7rsxx_it.o
                0x08001468                BusFault_Handler
 .text.UsageFault_Handler
                0x08001470        0x8 ./Core/Src/stm32h7rsxx_it.o
                0x08001470                UsageFault_Handler
 .text.SVC_Handler
                0x08001478        0xe ./Core/Src/stm32h7rsxx_it.o
                0x08001478                SVC_Handler
 .text.DebugMon_Handler
                0x08001486        0xe ./Core/Src/stm32h7rsxx_it.o
                0x08001486                DebugMon_Handler
 .text.PendSV_Handler
                0x08001494        0xe ./Core/Src/stm32h7rsxx_it.o
                0x08001494                PendSV_Handler
 .text.SysTick_Handler
                0x080014a2        0xc ./Core/Src/stm32h7rsxx_it.o
                0x080014a2                SysTick_Handler
 .text.EXTI10_IRQHandler
                0x080014ae       0x10 ./Core/Src/stm32h7rsxx_it.o
                0x080014ae                EXTI10_IRQHandler
 *fill*         0x080014be        0x2 
 .text.GPDMA1_Channel0_IRQHandler
                0x080014c0       0x14 ./Core/Src/stm32h7rsxx_it.o
                0x080014c0                GPDMA1_Channel0_IRQHandler
 .text.GPDMA1_Channel1_IRQHandler
                0x080014d4       0x14 ./Core/Src/stm32h7rsxx_it.o
                0x080014d4                GPDMA1_Channel1_IRQHandler
 .text.USART2_IRQHandler
                0x080014e8       0x14 ./Core/Src/stm32h7rsxx_it.o
                0x080014e8                USART2_IRQHandler
 .text.SystemInit
                0x080014fc       0x2c ./Core/Src/system_stm32h7rsxx.o
                0x080014fc                SystemInit
 .text.Reset_Handler
                0x08001528       0x50 ./Core/Startup/startup_stm32h7s3l8hx.o
                0x08001528                Reset_Handler
 .text.Default_Handler
                0x08001578        0x2 ./Core/Startup/startup_stm32h7s3l8hx.o
                0x08001578                HPDMA1_Channel13_IRQHandler
                0x08001578                EXTI2_IRQHandler
                0x08001578                MCE2_IRQHandler
                0x08001578                SAI1_A_IRQHandler
                0x08001578                EXTI5_IRQHandler
                0x08001578                I3C1_ER_IRQHandler
                0x08001578                UART8_IRQHandler
                0x08001578                SPI4_IRQHandler
                0x08001578                EXTI13_IRQHandler
                0x08001578                TIM1_CC_IRQHandler
                0x08001578                XSPI1_IRQHandler
                0x08001578                JPEG_IRQHandler
                0x08001578                TAMP_IRQHandler
                0x08001578                TIM6_IRQHandler
                0x08001578                EXTI12_IRQHandler
                0x08001578                CORDIC_IRQHandler
                0x08001578                GFXTIM_IRQHandler
                0x08001578                EXTI3_IRQHandler
                0x08001578                LPTIM4_IRQHandler
                0x08001578                GPDMA1_Channel5_IRQHandler
                0x08001578                EXTI8_IRQHandler
                0x08001578                LPTIM2_IRQHandler
                0x08001578                GFXMMU_IRQHandler
                0x08001578                I2C3_ER_IRQHandler
                0x08001578                LPTIM3_IRQHandler
                0x08001578                SAI2_A_IRQHandler
                0x08001578                EXTI0_IRQHandler
                0x08001578                HPDMA1_Channel9_IRQHandler
                0x08001578                I2C2_EV_IRQHandler
                0x08001578                FPU_IRQHandler
                0x08001578                GPDMA1_Channel3_IRQHandler
                0x08001578                GPDMA1_Channel7_IRQHandler
                0x08001578                FDCAN1_IT1_IRQHandler
                0x08001578                HPDMA1_Channel3_IRQHandler
                0x08001578                ADC1_2_IRQHandler
                0x08001578                GPDMA1_Channel9_IRQHandler
                0x08001578                SPI1_IRQHandler
                0x08001578                SAI1_B_IRQHandler
                0x08001578                GPDMA1_Channel2_IRQHandler
                0x08001578                I3C1_WKUP_IRQHandler
                0x08001578                PKA_IRQHandler
                0x08001578                HPDMA1_Channel2_IRQHandler
                0x08001578                EXTI15_IRQHandler
                0x08001578                TIM17_IRQHandler
                0x08001578                USART3_IRQHandler
                0x08001578                HPDMA1_Channel6_IRQHandler
                0x08001578                CRYP_IRQHandler
                0x08001578                RTC_IRQHandler
                0x08001578                XSPI2_IRQHandler
                0x08001578                EXTI9_IRQHandler
                0x08001578                HPDMA1_Channel0_IRQHandler
                0x08001578                LPTIM5_IRQHandler
                0x08001578                HPDMA1_Channel1_IRQHandler
                0x08001578                UART5_IRQHandler
                0x08001578                TIM4_IRQHandler
                0x08001578                I2C1_EV_IRQHandler
                0x08001578                GPDMA1_Channel12_IRQHandler
                0x08001578                HPDMA1_Channel7_IRQHandler
                0x08001578                TIM16_IRQHandler
                0x08001578                GPDMA1_Channel15_IRQHandler
                0x08001578                UART4_IRQHandler
                0x08001578                TIM3_IRQHandler
                0x08001578                RCC_IRQHandler
                0x08001578                TIM1_TRG_COM_IRQHandler
                0x08001578                SAI2_B_IRQHandler
                0x08001578                Default_Handler
                0x08001578                GPDMA1_Channel8_IRQHandler
                0x08001578                HPDMA1_Channel8_IRQHandler
                0x08001578                CEC_IRQHandler
                0x08001578                TIM14_IRQHandler
                0x08001578                TIM13_IRQHandler
                0x08001578                GPDMA1_Channel11_IRQHandler
                0x08001578                SPI5_IRQHandler
                0x08001578                TIM12_IRQHandler
                0x08001578                TIM7_IRQHandler
                0x08001578                HPDMA1_Channel10_IRQHandler
                0x08001578                SDMMC1_IRQHandler
                0x08001578                SAES_IRQHandler
                0x08001578                TIM5_IRQHandler
                0x08001578                UCPD1_IRQHandler
                0x08001578                I3C1_EV_IRQHandler
                0x08001578                HPDMA1_Channel5_IRQHandler
                0x08001578                TIM15_IRQHandler
                0x08001578                I2C3_EV_IRQHandler
                0x08001578                HPDMA1_Channel4_IRQHandler
                0x08001578                HPDMA1_Channel15_IRQHandler
                0x08001578                TIM9_IRQHandler
                0x08001578                SPDIF_RX_IRQHandler
                0x08001578                PVD_PVM_IRQHandler
                0x08001578                SPI2_IRQHandler
                0x08001578                HPDMA1_Channel11_IRQHandler
                0x08001578                EXTI14_IRQHandler
                0x08001578                EXTI11_IRQHandler
                0x08001578                CRS_IRQHandler
                0x08001578                GPDMA1_Channel14_IRQHandler
                0x08001578                EXTI4_IRQHandler
                0x08001578                GPDMA1_Channel13_IRQHandler
                0x08001578                RNG_IRQHandler
                0x08001578                FDCAN2_IT1_IRQHandler
                0x08001578                ETH_IRQHandler
                0x08001578                TIM1_UP_IRQHandler
                0x08001578                WWDG_IRQHandler
                0x08001578                SPI6_IRQHandler
                0x08001578                MDIOS_IRQHandler
                0x08001578                FDCAN2_IT0_IRQHandler
                0x08001578                IWDG_IRQHandler
                0x08001578                HPDMA1_Channel14_IRQHandler
                0x08001578                LPUART1_IRQHandler
                0x08001578                FDCAN1_IT0_IRQHandler
                0x08001578                TIM2_IRQHandler
                0x08001578                PSSI_IRQHandler
                0x08001578                MCE3_IRQHandler
                0x08001578                GPDMA1_Channel4_IRQHandler
                0x08001578                OTG_HS_IRQHandler
                0x08001578                EXTI7_IRQHandler
                0x08001578                DMA2D_IRQHandler
                0x08001578                TIM1_BRK_IRQHandler
                0x08001578                EXTI1_IRQHandler
                0x08001578                SDMMC2_IRQHandler
                0x08001578                UART7_IRQHandler
                0x08001578                DTS_IRQHandler
                0x08001578                GPDMA1_Channel6_IRQHandler
                0x08001578                ADF1_FLT0_IRQHandler
                0x08001578                RAMECC_IRQHandler
                0x08001578                I2C2_ER_IRQHandler
                0x08001578                MCE1_IRQHandler
                0x08001578                HPDMA1_Channel12_IRQHandler
                0x08001578                FLASH_IRQHandler
                0x08001578                USART1_IRQHandler
                0x08001578                OTG_FS_IRQHandler
                0x08001578                SPI3_IRQHandler
                0x08001578                WAKEUP_PIN_IRQHandler
                0x08001578                DCMIPP_IRQHandler
                0x08001578                I2C1_ER_IRQHandler
                0x08001578                FMC_IRQHandler
                0x08001578                EXTI6_IRQHandler
                0x08001578                LPTIM1_IRQHandler
                0x08001578                GPDMA1_Channel10_IRQHandler
                0x08001578                HASH_IRQHandler
 .text.HAL_Init
                0x0800157a       0x30 ./Drivers/STM32H7RSxx_HAL_Driver/stm32h7rsxx_hal.o
                0x0800157a                HAL_Init
 *fill*         0x080015aa        0x2 
 .text.HAL_InitTick
                0x080015ac       0x78 ./Drivers/STM32H7RSxx_HAL_Driver/stm32h7rsxx_hal.o
                0x080015ac                HAL_InitTick
 .text.HAL_IncTick
                0x08001624       0x28 ./Drivers/STM32H7RSxx_HAL_Driver/stm32h7rsxx_hal.o
                0x08001624                HAL_IncTick
 .text.HAL_GetTick
                0x0800164c       0x18 ./Drivers/STM32H7RSxx_HAL_Driver/stm32h7rsxx_hal.o
                0x0800164c                HAL_GetTick
 .text.LL_ADC_SetCommonClock
                0x08001664       0x26 ./Drivers/STM32H7RSxx_HAL_Driver/stm32h7rsxx_hal_adc.o
 .text.LL_ADC_SetCommonPathInternalCh
                0x0800168a       0x26 ./Drivers/STM32H7RSxx_HAL_Driver/stm32h7rsxx_hal_adc.o
 .text.LL_ADC_GetCommonPathInternalCh
                0x080016b0       0x1c ./Drivers/STM32H7RSxx_HAL_Driver/stm32h7rsxx_hal_adc.o
 .text.LL_ADC_SetPathInternalChAdd
                0x080016cc       0x26 ./Drivers/STM32H7RSxx_HAL_Driver/stm32h7rsxx_hal_adc.o
 *fill*         0x080016f2        0x2 
 .text.LL_ADC_SetOffset
                0x080016f4       0x48 ./Drivers/STM32H7RSxx_HAL_Driver/stm32h7rsxx_hal_adc.o
 .text.LL_ADC_GetOffsetChannel
                0x0800173c       0x2c ./Drivers/STM32H7RSxx_HAL_Driver/stm32h7rsxx_hal_adc.o
 .text.LL_ADC_SetOffsetState
                0x08001768       0x36 ./Drivers/STM32H7RSxx_HAL_Driver/stm32h7rsxx_hal_adc.o
 .text.LL_ADC_SetOffsetSign
                0x0800179e       0x36 ./Drivers/STM32H7RSxx_HAL_Driver/stm32h7rsxx_hal_adc.o
 .text.LL_ADC_SetOffsetSaturation
                0x080017d4       0x36 ./Drivers/STM32H7RSxx_HAL_Driver/stm32h7rsxx_hal_adc.o
 .text.LL_ADC_SetSamplingTimeCommonConfig
                0x0800180a       0x26 ./Drivers/STM32H7RSxx_HAL_Driver/stm32h7rsxx_hal_adc.o
 .text.LL_ADC_REG_IsTriggerSourceSWStart
                0x08001830       0x26 ./Drivers/STM32H7RSxx_HAL_Driver/stm32h7rsxx_hal_adc.o
 .text.LL_ADC_REG_SetSequencerRanks
                0x08001856       0x58 ./Drivers/STM32H7RSxx_HAL_Driver/stm32h7rsxx_hal_adc.o
 .text.LL_ADC_SetChannelSamplingTime
                0x080018ae       0x56 ./Drivers/STM32H7RSxx_HAL_Driver/stm32h7rsxx_hal_adc.o
 .text.LL_ADC_SetChannelSingleDiff
                0x08001904       0x48 ./Drivers/STM32H7RSxx_HAL_Driver/stm32h7rsxx_hal_adc.o
 .text.LL_ADC_GetMultimode
                0x0800194c       0x1c ./Drivers/STM32H7RSxx_HAL_Driver/stm32h7rsxx_hal_adc.o
 .text.LL_ADC_DisableDeepPowerDown
                0x08001968       0x24 ./Drivers/STM32H7RSxx_HAL_Driver/stm32h7rsxx_hal_adc.o
 .text.LL_ADC_IsDeepPowerDownEnabled
                0x0800198c       0x28 ./Drivers/STM32H7RSxx_HAL_Driver/stm32h7rsxx_hal_adc.o
 .text.LL_ADC_EnableInternalRegulator
                0x080019b4       0x28 ./Drivers/STM32H7RSxx_HAL_Driver/stm32h7rsxx_hal_adc.o
 .text.LL_ADC_IsInternalRegulatorEnabled
                0x080019dc       0x28 ./Drivers/STM32H7RSxx_HAL_Driver/stm32h7rsxx_hal_adc.o
 .text.LL_ADC_Enable
                0x08001a04       0x28 ./Drivers/STM32H7RSxx_HAL_Driver/stm32h7rsxx_hal_adc.o
 .text.LL_ADC_Disable
                0x08001a2c       0x28 ./Drivers/STM32H7RSxx_HAL_Driver/stm32h7rsxx_hal_adc.o
 .text.LL_ADC_IsEnabled
                0x08001a54       0x26 ./Drivers/STM32H7RSxx_HAL_Driver/stm32h7rsxx_hal_adc.o
 .text.LL_ADC_IsDisableOngoing
                0x08001a7a       0x26 ./Drivers/STM32H7RSxx_HAL_Driver/stm32h7rsxx_hal_adc.o
 .text.LL_ADC_REG_StartConversion
                0x08001aa0       0x28 ./Drivers/STM32H7RSxx_HAL_Driver/stm32h7rsxx_hal_adc.o
 .text.LL_ADC_REG_IsConversionOngoing
                0x08001ac8       0x26 ./Drivers/STM32H7RSxx_HAL_Driver/stm32h7rsxx_hal_adc.o
 .text.LL_ADC_INJ_IsConversionOngoing
                0x08001aee       0x26 ./Drivers/STM32H7RSxx_HAL_Driver/stm32h7rsxx_hal_adc.o
 .text.HAL_ADC_Init
                0x08001b14      0x2a4 ./Drivers/STM32H7RSxx_HAL_Driver/stm32h7rsxx_hal_adc.o
                0x08001b14                HAL_ADC_Init
 .text.HAL_ADC_Start_DMA
                0x08001db8      0x254 ./Drivers/STM32H7RSxx_HAL_Driver/stm32h7rsxx_hal_adc.o
                0x08001db8                HAL_ADC_Start_DMA
 .text.HAL_ADC_ErrorCallback
                0x0800200c       0x14 ./Drivers/STM32H7RSxx_HAL_Driver/stm32h7rsxx_hal_adc.o
                0x0800200c                HAL_ADC_ErrorCallback
 .text.HAL_ADC_ConfigChannel
                0x08002020      0x7fc ./Drivers/STM32H7RSxx_HAL_Driver/stm32h7rsxx_hal_adc.o
                0x08002020                HAL_ADC_ConfigChannel
 .text.ADC_Enable
                0x0800281c      0x10c ./Drivers/STM32H7RSxx_HAL_Driver/stm32h7rsxx_hal_adc.o
                0x0800281c                ADC_Enable
 .text.ADC_Disable
                0x08002928       0xbe ./Drivers/STM32H7RSxx_HAL_Driver/stm32h7rsxx_hal_adc.o
                0x08002928                ADC_Disable
 .text.ADC_DMAConvCplt
                0x080029e6       0xd8 ./Drivers/STM32H7RSxx_HAL_Driver/stm32h7rsxx_hal_adc.o
                0x080029e6                ADC_DMAConvCplt
 .text.ADC_DMAHalfConvCplt
                0x08002abe       0x1c ./Drivers/STM32H7RSxx_HAL_Driver/stm32h7rsxx_hal_adc.o
                0x08002abe                ADC_DMAHalfConvCplt
 .text.ADC_DMAError
                0x08002ada       0x34 ./Drivers/STM32H7RSxx_HAL_Driver/stm32h7rsxx_hal_adc.o
                0x08002ada                ADC_DMAError
 .text.LL_ADC_IsEnabled
                0x08002b0e       0x26 ./Drivers/STM32H7RSxx_HAL_Driver/stm32h7rsxx_hal_adc_ex.o
 .text.LL_ADC_StartCalibration
                0x08002b34       0x34 ./Drivers/STM32H7RSxx_HAL_Driver/stm32h7rsxx_hal_adc_ex.o
 .text.LL_ADC_IsCalibrationOnGoing
                0x08002b68       0x28 ./Drivers/STM32H7RSxx_HAL_Driver/stm32h7rsxx_hal_adc_ex.o
 .text.LL_ADC_REG_IsConversionOngoing
                0x08002b90       0x26 ./Drivers/STM32H7RSxx_HAL_Driver/stm32h7rsxx_hal_adc_ex.o
 *fill*         0x08002bb6        0x2 
 .text.HAL_ADCEx_Calibration_Start
                0x08002bb8       0xc4 ./Drivers/STM32H7RSxx_HAL_Driver/stm32h7rsxx_hal_adc_ex.o
                0x08002bb8                HAL_ADCEx_Calibration_Start
 .text.HAL_ADCEx_MultiModeConfigChannel
                0x08002c7c      0x148 ./Drivers/STM32H7RSxx_HAL_Driver/stm32h7rsxx_hal_adc_ex.o
                0x08002c7c                HAL_ADCEx_MultiModeConfigChannel
 .text.__NVIC_SetPriorityGrouping
                0x08002dc4       0x48 ./Drivers/STM32H7RSxx_HAL_Driver/stm32h7rsxx_hal_cortex.o
 .text.__NVIC_GetPriorityGrouping
                0x08002e0c       0x1c ./Drivers/STM32H7RSxx_HAL_Driver/stm32h7rsxx_hal_cortex.o
 .text.__NVIC_EnableIRQ
                0x08002e28       0x3c ./Drivers/STM32H7RSxx_HAL_Driver/stm32h7rsxx_hal_cortex.o
 .text.__NVIC_SetPriority
                0x08002e64       0x54 ./Drivers/STM32H7RSxx_HAL_Driver/stm32h7rsxx_hal_cortex.o
 .text.NVIC_EncodePriority
                0x08002eb8       0x66 ./Drivers/STM32H7RSxx_HAL_Driver/stm32h7rsxx_hal_cortex.o
 *fill*         0x08002f1e        0x2 
 .text.SysTick_Config
                0x08002f20       0x44 ./Drivers/STM32H7RSxx_HAL_Driver/stm32h7rsxx_hal_cortex.o
 .text.HAL_NVIC_SetPriorityGrouping
                0x08002f64       0x16 ./Drivers/STM32H7RSxx_HAL_Driver/stm32h7rsxx_hal_cortex.o
                0x08002f64                HAL_NVIC_SetPriorityGrouping
 .text.HAL_NVIC_SetPriority
                0x08002f7a       0x34 ./Drivers/STM32H7RSxx_HAL_Driver/stm32h7rsxx_hal_cortex.o
                0x08002f7a                HAL_NVIC_SetPriority
 .text.HAL_NVIC_EnableIRQ
                0x08002fae       0x1c ./Drivers/STM32H7RSxx_HAL_Driver/stm32h7rsxx_hal_cortex.o
                0x08002fae                HAL_NVIC_EnableIRQ
 .text.HAL_SYSTICK_Config
                0x08002fca       0x18 ./Drivers/STM32H7RSxx_HAL_Driver/stm32h7rsxx_hal_cortex.o
                0x08002fca                HAL_SYSTICK_Config
 *fill*         0x08002fe2        0x2 
 .text.HAL_MPU_Enable
                0x08002fe4       0x44 ./Drivers/STM32H7RSxx_HAL_Driver/stm32h7rsxx_hal_cortex.o
                0x08002fe4                HAL_MPU_Enable
 .text.HAL_MPU_Disable
                0x08003028       0x3c ./Drivers/STM32H7RSxx_HAL_Driver/stm32h7rsxx_hal_cortex.o
                0x08003028                HAL_MPU_Disable
 .text.HAL_MPU_ConfigRegion
                0x08003064       0x8c ./Drivers/STM32H7RSxx_HAL_Driver/stm32h7rsxx_hal_cortex.o
                0x08003064                HAL_MPU_ConfigRegion
 .text.HAL_DMA_Init
                0x080030f0      0x280 ./Drivers/STM32H7RSxx_HAL_Driver/stm32h7rsxx_hal_dma.o
                0x080030f0                HAL_DMA_Init
 .text.HAL_DMA_Start_IT
                0x08003370       0xc0 ./Drivers/STM32H7RSxx_HAL_Driver/stm32h7rsxx_hal_dma.o
                0x08003370                HAL_DMA_Start_IT
 .text.HAL_DMA_Abort
                0x08003430       0xf8 ./Drivers/STM32H7RSxx_HAL_Driver/stm32h7rsxx_hal_dma.o
                0x08003430                HAL_DMA_Abort
 .text.HAL_DMA_Abort_IT
                0x08003528       0x50 ./Drivers/STM32H7RSxx_HAL_Driver/stm32h7rsxx_hal_dma.o
                0x08003528                HAL_DMA_Abort_IT
 .text.HAL_DMA_IRQHandler
                0x08003578      0x2c4 ./Drivers/STM32H7RSxx_HAL_Driver/stm32h7rsxx_hal_dma.o
                0x08003578                HAL_DMA_IRQHandler
 .text.HAL_DMA_ConfigChannelAttributes
                0x0800383c       0x80 ./Drivers/STM32H7RSxx_HAL_Driver/stm32h7rsxx_hal_dma.o
                0x0800383c                HAL_DMA_ConfigChannelAttributes
 .text.DMA_SetConfig
                0x080038bc       0x50 ./Drivers/STM32H7RSxx_HAL_Driver/stm32h7rsxx_hal_dma.o
 .text.DMA_Init
                0x0800390c      0x4fc ./Drivers/STM32H7RSxx_HAL_Driver/stm32h7rsxx_hal_dma.o
 .text.HAL_DMAEx_List_Init
                0x08003e08      0x258 ./Drivers/STM32H7RSxx_HAL_Driver/stm32h7rsxx_hal_dma_ex.o
                0x08003e08                HAL_DMAEx_List_Init
 .text.HAL_DMAEx_List_Start_IT
                0x08004060      0x12c ./Drivers/STM32H7RSxx_HAL_Driver/stm32h7rsxx_hal_dma_ex.o
                0x08004060                HAL_DMAEx_List_Start_IT
 .text.HAL_DMAEx_List_BuildNode
                0x0800418c       0x2c ./Drivers/STM32H7RSxx_HAL_Driver/stm32h7rsxx_hal_dma_ex.o
                0x0800418c                HAL_DMAEx_List_BuildNode
 .text.HAL_DMAEx_List_GetNodeConfig
                0x080041b8       0x2c ./Drivers/STM32H7RSxx_HAL_Driver/stm32h7rsxx_hal_dma_ex.o
                0x080041b8                HAL_DMAEx_List_GetNodeConfig
 .text.HAL_DMAEx_List_InsertNode
                0x080041e4      0x192 ./Drivers/STM32H7RSxx_HAL_Driver/stm32h7rsxx_hal_dma_ex.o
                0x080041e4                HAL_DMAEx_List_InsertNode
 .text.HAL_DMAEx_List_SetCircularMode
                0x08004376       0xc0 ./Drivers/STM32H7RSxx_HAL_Driver/stm32h7rsxx_hal_dma_ex.o
                0x08004376                HAL_DMAEx_List_SetCircularMode
 *fill*         0x08004436        0x2 
 .text.HAL_DMAEx_List_LinkQ
                0x08004438      0x12c ./Drivers/STM32H7RSxx_HAL_Driver/stm32h7rsxx_hal_dma_ex.o
                0x08004438                HAL_DMAEx_List_LinkQ
 .text.DMA_List_Init
                0x08004564      0x2b0 ./Drivers/STM32H7RSxx_HAL_Driver/stm32h7rsxx_hal_dma_ex.o
 .text.DMA_List_BuildNode
                0x08004814      0x2c0 ./Drivers/STM32H7RSxx_HAL_Driver/stm32h7rsxx_hal_dma_ex.o
 .text.DMA_List_GetNodeConfig
                0x08004ad4      0x214 ./Drivers/STM32H7RSxx_HAL_Driver/stm32h7rsxx_hal_dma_ex.o
 .text.DMA_List_CheckNodesBaseAddresses
                0x08004ce8       0x64 ./Drivers/STM32H7RSxx_HAL_Driver/stm32h7rsxx_hal_dma_ex.o
 .text.DMA_List_CheckNodesTypes
                0x08004d4c       0x78 ./Drivers/STM32H7RSxx_HAL_Driver/stm32h7rsxx_hal_dma_ex.o
 .text.DMA_List_GetCLLRNodeInfo
                0x08004dc4       0x60 ./Drivers/STM32H7RSxx_HAL_Driver/stm32h7rsxx_hal_dma_ex.o
 .text.DMA_List_FindNode
                0x08004e24      0x14c ./Drivers/STM32H7RSxx_HAL_Driver/stm32h7rsxx_hal_dma_ex.o
 .text.HAL_GPIO_Init
                0x08004f70      0x2c0 ./Drivers/STM32H7RSxx_HAL_Driver/stm32h7rsxx_hal_gpio.o
                0x08004f70                HAL_GPIO_Init
 .text.HAL_GPIO_WritePin
                0x08005230       0x30 ./Drivers/STM32H7RSxx_HAL_Driver/stm32h7rsxx_hal_gpio.o
                0x08005230                HAL_GPIO_WritePin
 .text.HAL_GPIO_TogglePin
                0x08005260       0x34 ./Drivers/STM32H7RSxx_HAL_Driver/stm32h7rsxx_hal_gpio.o
                0x08005260                HAL_GPIO_TogglePin
 .text.HAL_GPIO_EXTI_IRQHandler
                0x08005294       0x34 ./Drivers/STM32H7RSxx_HAL_Driver/stm32h7rsxx_hal_gpio.o
                0x08005294                HAL_GPIO_EXTI_IRQHandler
 .text.HAL_PWREx_ConfigSupply
                0x080052c8       0xa4 ./Drivers/STM32H7RSxx_HAL_Driver/stm32h7rsxx_hal_pwr_ex.o
                0x080052c8                HAL_PWREx_ConfigSupply
 .text.HAL_PWREx_ControlVoltageScaling
                0x0800536c       0x50 ./Drivers/STM32H7RSxx_HAL_Driver/stm32h7rsxx_hal_pwr_ex.o
                0x0800536c                HAL_PWREx_ControlVoltageScaling
 .text.HAL_RCC_OscConfig
                0x080053bc      0x674 ./Drivers/STM32H7RSxx_HAL_Driver/stm32h7rsxx_hal_rcc.o
                0x080053bc                HAL_RCC_OscConfig
 .text.HAL_RCC_ClockConfig
                0x08005a30      0x330 ./Drivers/STM32H7RSxx_HAL_Driver/stm32h7rsxx_hal_rcc.o
                0x08005a30                HAL_RCC_ClockConfig
 .text.HAL_RCC_GetSysClockFreq
                0x08005d60      0x2cc ./Drivers/STM32H7RSxx_HAL_Driver/stm32h7rsxx_hal_rcc.o
                0x08005d60                HAL_RCC_GetSysClockFreq
 .text.HAL_RCC_GetHCLKFreq
                0x0800602c       0x50 ./Drivers/STM32H7RSxx_HAL_Driver/stm32h7rsxx_hal_rcc.o
                0x0800602c                HAL_RCC_GetHCLKFreq
 .text.HAL_RCC_GetPCLK1Freq
                0x0800607c       0x38 ./Drivers/STM32H7RSxx_HAL_Driver/stm32h7rsxx_hal_rcc.o
                0x0800607c                HAL_RCC_GetPCLK1Freq
 .text.HAL_RCC_GetPCLK2Freq
                0x080060b4       0x38 ./Drivers/STM32H7RSxx_HAL_Driver/stm32h7rsxx_hal_rcc.o
                0x080060b4                HAL_RCC_GetPCLK2Freq
 .text.HAL_RCC_GetPCLK4Freq
                0x080060ec       0x38 ./Drivers/STM32H7RSxx_HAL_Driver/stm32h7rsxx_hal_rcc.o
                0x080060ec                HAL_RCC_GetPCLK4Freq
 .text.HAL_RCC_GetPLL2QFreq
                0x08006124       0x2c ./Drivers/STM32H7RSxx_HAL_Driver/stm32h7rsxx_hal_rcc.o
                0x08006124                HAL_RCC_GetPLL2QFreq
 .text.HAL_RCC_GetPLL3QFreq
                0x08006150       0x2c ./Drivers/STM32H7RSxx_HAL_Driver/stm32h7rsxx_hal_rcc.o
                0x08006150                HAL_RCC_GetPLL3QFreq
 .text.RCC_PLL_Config
                0x0800617c      0x2ac ./Drivers/STM32H7RSxx_HAL_Driver/stm32h7rsxx_hal_rcc.o
 .text.RCC_PLL2_GetVCOOutputFreq
                0x08006428      0x10c ./Drivers/STM32H7RSxx_HAL_Driver/stm32h7rsxx_hal_rcc.o
 .text.RCC_PLL3_GetVCOOutputFreq
                0x08006534      0x10c ./Drivers/STM32H7RSxx_HAL_Driver/stm32h7rsxx_hal_rcc.o
 .text.HAL_RCCEx_PeriphCLKConfig
                0x08006640      0xe08 ./Drivers/STM32H7RSxx_HAL_Driver/stm32h7rsxx_hal_rcc_ex.o
                0x08006640                HAL_RCCEx_PeriphCLKConfig
 .text.HAL_TIM_Base_Init
                0x08007448       0xae ./Drivers/STM32H7RSxx_HAL_Driver/stm32h7rsxx_hal_tim.o
                0x08007448                HAL_TIM_Base_Init
 *fill*         0x080074f6        0x2 
 .text.HAL_TIM_Base_Start
                0x080074f8       0xdc ./Drivers/STM32H7RSxx_HAL_Driver/stm32h7rsxx_hal_tim.o
                0x080074f8                HAL_TIM_Base_Start
 .text.HAL_TIM_ConfigClockSource
                0x080075d4      0x250 ./Drivers/STM32H7RSxx_HAL_Driver/stm32h7rsxx_hal_tim.o
                0x080075d4                HAL_TIM_ConfigClockSource
 .text.TIM_Base_SetConfig
                0x08007824      0x15c ./Drivers/STM32H7RSxx_HAL_Driver/stm32h7rsxx_hal_tim.o
                0x08007824                TIM_Base_SetConfig
 .text.TIM_TI1_ConfigInputStage
                0x08007980       0x5e ./Drivers/STM32H7RSxx_HAL_Driver/stm32h7rsxx_hal_tim.o
 .text.TIM_TI2_ConfigInputStage
                0x080079de       0x60 ./Drivers/STM32H7RSxx_HAL_Driver/stm32h7rsxx_hal_tim.o
 *fill*         0x08007a3e        0x2 
 .text.TIM_ITRx_SetConfig
                0x08007a40       0x3c ./Drivers/STM32H7RSxx_HAL_Driver/stm32h7rsxx_hal_tim.o
 .text.TIM_ETR_SetConfig
                0x08007a7c       0x40 ./Drivers/STM32H7RSxx_HAL_Driver/stm32h7rsxx_hal_tim.o
                0x08007a7c                TIM_ETR_SetConfig
 .text.HAL_TIMEx_MasterConfigSynchronization
                0x08007abc      0x114 ./Drivers/STM32H7RSxx_HAL_Driver/stm32h7rsxx_hal_tim_ex.o
                0x08007abc                HAL_TIMEx_MasterConfigSynchronization
 .text.HAL_UART_Init
                0x08007bd0       0xa0 ./Drivers/STM32H7RSxx_HAL_Driver/stm32h7rsxx_hal_uart.o
                0x08007bd0                HAL_UART_Init
 .text.HAL_UART_Transmit_DMA
                0x08007c70      0x190 ./Drivers/STM32H7RSxx_HAL_Driver/stm32h7rsxx_hal_uart.o
                0x08007c70                HAL_UART_Transmit_DMA
 .text.HAL_UART_IRQHandler
                0x08007e00      0x678 ./Drivers/STM32H7RSxx_HAL_Driver/stm32h7rsxx_hal_uart.o
                0x08007e00                HAL_UART_IRQHandler
 .text.HAL_UART_TxHalfCpltCallback
                0x08008478       0x14 ./Drivers/STM32H7RSxx_HAL_Driver/stm32h7rsxx_hal_uart.o
                0x08008478                HAL_UART_TxHalfCpltCallback
 .text.HAL_UARTEx_RxEventCallback
                0x0800848c       0x18 ./Drivers/STM32H7RSxx_HAL_Driver/stm32h7rsxx_hal_uart.o
                0x0800848c                HAL_UARTEx_RxEventCallback
 .text.HAL_UART_GetError
                0x080084a4       0x1a ./Drivers/STM32H7RSxx_HAL_Driver/stm32h7rsxx_hal_uart.o
                0x080084a4                HAL_UART_GetError
 *fill*         0x080084be        0x2 
 .text.UART_SetConfig
                0x080084c0      0x72c ./Drivers/STM32H7RSxx_HAL_Driver/stm32h7rsxx_hal_uart.o
                0x080084c0                UART_SetConfig
 .text.UART_AdvFeatureConfig
                0x08008bec      0x144 ./Drivers/STM32H7RSxx_HAL_Driver/stm32h7rsxx_hal_uart.o
                0x08008bec                UART_AdvFeatureConfig
 .text.UART_CheckIdleState
                0x08008d30      0x154 ./Drivers/STM32H7RSxx_HAL_Driver/stm32h7rsxx_hal_uart.o
                0x08008d30                UART_CheckIdleState
 .text.UART_WaitOnFlagUntilTimeout
                0x08008e84       0xda ./Drivers/STM32H7RSxx_HAL_Driver/stm32h7rsxx_hal_uart.o
                0x08008e84                UART_WaitOnFlagUntilTimeout
 .text.UART_EndTxTransfer
                0x08008f5e       0x82 ./Drivers/STM32H7RSxx_HAL_Driver/stm32h7rsxx_hal_uart.o
 .text.UART_EndRxTransfer
                0x08008fe0       0xcc ./Drivers/STM32H7RSxx_HAL_Driver/stm32h7rsxx_hal_uart.o
 .text.UART_DMATransmitCplt
                0x080090ac       0x94 ./Drivers/STM32H7RSxx_HAL_Driver/stm32h7rsxx_hal_uart.o
 .text.UART_DMATxHalfCplt
                0x08009140       0x1c ./Drivers/STM32H7RSxx_HAL_Driver/stm32h7rsxx_hal_uart.o
 .text.UART_DMAError
                0x0800915c       0x80 ./Drivers/STM32H7RSxx_HAL_Driver/stm32h7rsxx_hal_uart.o
 .text.UART_DMAAbortOnError
                0x080091dc       0x24 ./Drivers/STM32H7RSxx_HAL_Driver/stm32h7rsxx_hal_uart.o
 .text.UART_EndTransmit_IT
                0x08009200       0x56 ./Drivers/STM32H7RSxx_HAL_Driver/stm32h7rsxx_hal_uart.o
 .text.HAL_UARTEx_WakeupCallback
                0x08009256       0x14 ./Drivers/STM32H7RSxx_HAL_Driver/stm32h7rsxx_hal_uart_ex.o
                0x08009256                HAL_UARTEx_WakeupCallback
 .text.HAL_UARTEx_RxFifoFullCallback
                0x0800926a       0x14 ./Drivers/STM32H7RSxx_HAL_Driver/stm32h7rsxx_hal_uart_ex.o
                0x0800926a                HAL_UARTEx_RxFifoFullCallback
 .text.HAL_UARTEx_TxFifoEmptyCallback
                0x0800927e       0x14 ./Drivers/STM32H7RSxx_HAL_Driver/stm32h7rsxx_hal_uart_ex.o
                0x0800927e                HAL_UARTEx_TxFifoEmptyCallback
 .text.HAL_UARTEx_DisableFifoMode
                0x08009292       0x72 ./Drivers/STM32H7RSxx_HAL_Driver/stm32h7rsxx_hal_uart_ex.o
                0x08009292                HAL_UARTEx_DisableFifoMode
 .text.HAL_UARTEx_SetTxFifoThreshold
                0x08009304       0x7c ./Drivers/STM32H7RSxx_HAL_Driver/stm32h7rsxx_hal_uart_ex.o
                0x08009304                HAL_UARTEx_SetTxFifoThreshold
 .text.HAL_UARTEx_SetRxFifoThreshold
                0x08009380       0x7c ./Drivers/STM32H7RSxx_HAL_Driver/stm32h7rsxx_hal_uart_ex.o
                0x08009380                HAL_UARTEx_SetRxFifoThreshold
 .text.UARTEx_SetNbDataToProcess
                0x080093fc       0x9c ./Drivers/STM32H7RSxx_HAL_Driver/stm32h7rsxx_hal_uart_ex.o
 .text.memset   0x08009498       0x10 C:/ST/STM32CubeIDE_1.19.0/STM32CubeIDE/plugins/com.st.stm32cube.ide.mcu.externaltools.gnu-tools-for-stm32.13.3.rel1.win32_1.0.0.202411081344/tools/bin/../lib/gcc/arm-none-eabi/13.3.1/../../../../arm-none-eabi/lib/thumb/v7e-m+dp/hard\libc_nano.a(libc_a-memset.o)
                0x08009498                memset
 .text.__libc_init_array
                0x080094a8       0x48 C:/ST/STM32CubeIDE_1.19.0/STM32CubeIDE/plugins/com.st.stm32cube.ide.mcu.externaltools.gnu-tools-for-stm32.13.3.rel1.win32_1.0.0.202411081344/tools/bin/../lib/gcc/arm-none-eabi/13.3.1/../../../../arm-none-eabi/lib/thumb/v7e-m+dp/hard\libc_nano.a(libc_a-init.o)
                0x080094a8                __libc_init_array
 .text.memcpy   0x080094f0       0x1c C:/ST/STM32CubeIDE_1.19.0/STM32CubeIDE/plugins/com.st.stm32cube.ide.mcu.externaltools.gnu-tools-for-stm32.13.3.rel1.win32_1.0.0.202411081344/tools/bin/../lib/gcc/arm-none-eabi/13.3.1/../../../../arm-none-eabi/lib/thumb/v7e-m+dp/hard\libc_nano.a(libc_a-memcpy-stub.o)
                0x080094f0                memcpy
 *(.glue_7)
 .glue_7        0x0800950c        0x0 linker stubs
 *(.glue_7t)
 .glue_7t       0x0800950c        0x0 linker stubs
 *(.eh_frame)
 .eh_frame      0x0800950c        0x0 C:/ST/STM32CubeIDE_1.19.0/STM32CubeIDE/plugins/com.st.stm32cube.ide.mcu.externaltools.gnu-tools-for-stm32.13.3.rel1.win32_1.0.0.202411081344/tools/bin/../lib/gcc/arm-none-eabi/13.3.1/thumb/v7e-m+dp/hard/crtbegin.o
 *(.init)
 .init          0x0800950c        0x4 C:/ST/STM32CubeIDE_1.19.0/STM32CubeIDE/plugins/com.st.stm32cube.ide.mcu.externaltools.gnu-tools-for-stm32.13.3.rel1.win32_1.0.0.202411081344/tools/bin/../lib/gcc/arm-none-eabi/13.3.1/thumb/v7e-m+dp/hard/crti.o
                0x0800950c                _init
 .init          0x08009510        0x8 C:/ST/STM32CubeIDE_1.19.0/STM32CubeIDE/plugins/com.st.stm32cube.ide.mcu.externaltools.gnu-tools-for-stm32.13.3.rel1.win32_1.0.0.202411081344/tools/bin/../lib/gcc/arm-none-eabi/13.3.1/thumb/v7e-m+dp/hard/crtn.o
 *(.fini)
 .fini          0x08009518        0x4 C:/ST/STM32CubeIDE_1.19.0/STM32CubeIDE/plugins/com.st.stm32cube.ide.mcu.externaltools.gnu-tools-for-stm32.13.3.rel1.win32_1.0.0.202411081344/tools/bin/../lib/gcc/arm-none-eabi/13.3.1/thumb/v7e-m+dp/hard/crti.o
                0x08009518                _fini
 .fini          0x0800951c        0x8 C:/ST/STM32CubeIDE_1.19.0/STM32CubeIDE/plugins/com.st.stm32cube.ide.mcu.externaltools.gnu-tools-for-stm32.13.3.rel1.win32_1.0.0.202411081344/tools/bin/../lib/gcc/arm-none-eabi/13.3.1/thumb/v7e-m+dp/hard/crtn.o
                0x08009524                        . = ALIGN (0x4)
                0x08009524                        _etext = .

.vfp11_veneer   0x08009524        0x0
 .vfp11_veneer  0x08009524        0x0 linker stubs

.v4_bx          0x08009524        0x0
 .v4_bx         0x08009524        0x0 linker stubs

.iplt           0x08009524        0x0
 .iplt          0x08009524        0x0 C:/ST/STM32CubeIDE_1.19.0/STM32CubeIDE/plugins/com.st.stm32cube.ide.mcu.externaltools.gnu-tools-for-stm32.13.3.rel1.win32_1.0.0.202411081344/tools/bin/../lib/gcc/arm-none-eabi/13.3.1/thumb/v7e-m+dp/hard/crtbegin.o

.rodata         0x08009524       0x30
                0x08009524                        . = ALIGN (0x4)
 *(.rodata)
 .rodata        0x08009524        0x8 ./Drivers/STM32H7RSxx_HAL_Driver/stm32h7rsxx_hal_rcc.o
 *(.rodata*)
 .rodata.UARTPrescTable
                0x0800952c       0x18 ./Drivers/STM32H7RSxx_HAL_Driver/stm32h7rsxx_hal_uart.o
                0x0800952c                UARTPrescTable
 .rodata.numerator.1
                0x08009544        0x8 ./Drivers/STM32H7RSxx_HAL_Driver/stm32h7rsxx_hal_uart_ex.o
 .rodata.denominator.0
                0x0800954c        0x8 ./Drivers/STM32H7RSxx_HAL_Driver/stm32h7rsxx_hal_uart_ex.o
                0x08009554                        . = ALIGN (0x4)

.ARM.extab      0x08009554        0x0
                0x08009554                        . = ALIGN (0x4)
 *(.ARM.extab* .gnu.linkonce.armextab.*)
                0x08009554                        . = ALIGN (0x4)

.ARM            0x08009554        0x8
                0x08009554                        . = ALIGN (0x4)
                0x08009554                        __exidx_start = .
 *(.ARM.exidx*)
 .ARM.exidx     0x08009554        0x8 C:/ST/STM32CubeIDE_1.19.0/STM32CubeIDE/plugins/com.st.stm32cube.ide.mcu.externaltools.gnu-tools-for-stm32.13.3.rel1.win32_1.0.0.202411081344/tools/bin/../lib/gcc/arm-none-eabi/13.3.1/thumb/v7e-m+dp/hard\libgcc.a(_udivmoddi4.o)
                0x0800955c                        __exidx_end = .
                0x0800955c                        . = ALIGN (0x4)

.preinit_array  0x0800955c        0x0
                0x0800955c                        . = ALIGN (0x4)
                0x0800955c                        PROVIDE (__preinit_array_start = .)
 *(.preinit_array*)
                0x0800955c                        PROVIDE (__preinit_array_end = .)
                0x0800955c                        . = ALIGN (0x4)

.init_array     0x0800955c        0x4
                0x0800955c                        . = ALIGN (0x4)
                0x0800955c                        PROVIDE (__init_array_start = .)
 *(SORT_BY_NAME(.init_array.*))
 *(.init_array*)
 .init_array    0x0800955c        0x4 C:/ST/STM32CubeIDE_1.19.0/STM32CubeIDE/plugins/com.st.stm32cube.ide.mcu.externaltools.gnu-tools-for-stm32.13.3.rel1.win32_1.0.0.202411081344/tools/bin/../lib/gcc/arm-none-eabi/13.3.1/thumb/v7e-m+dp/hard/crtbegin.o
                0x08009560                        PROVIDE (__init_array_end = .)
                0x08009560                        . = ALIGN (0x4)

.fini_array     0x08009560        0x4
                0x08009560                        . = ALIGN (0x4)
                [!provide]                        PROVIDE (__fini_array_start = .)
 *(SORT_BY_NAME(.fini_array.*))
 *(.fini_array*)
 .fini_array    0x08009560        0x4 C:/ST/STM32CubeIDE_1.19.0/STM32CubeIDE/plugins/com.st.stm32cube.ide.mcu.externaltools.gnu-tools-for-stm32.13.3.rel1.win32_1.0.0.202411081344/tools/bin/../lib/gcc/arm-none-eabi/13.3.1/thumb/v7e-m+dp/hard/crtbegin.o
                [!provide]                        PROVIDE (__fini_array_end = .)
                0x08009564                        . = ALIGN (0x4)
                0x08009564                        _sidata = LOADADDR (.data)

.rel.dyn        0x08009564        0x0
 .rel.iplt      0x08009564        0x0 C:/ST/STM32CubeIDE_1.19.0/STM32CubeIDE/plugins/com.st.stm32cube.ide.mcu.externaltools.gnu-tools-for-stm32.13.3.rel1.win32_1.0.0.202411081344/tools/bin/../lib/gcc/arm-none-eabi/13.3.1/thumb/v7e-m+dp/hard/crtbegin.o

.data           0x24000000        0xc load address 0x08009564
                0x24000000                        . = ALIGN (0x4)
                0x24000000                        _sdata = .
 *(.data)
 *(.data*)
 .data.SystemCoreClock
                0x24000000        0x4 ./Core/Src/system_stm32h7rsxx.o
                0x24000000                SystemCoreClock
 .data.uwTickPrio
                0x24000004        0x4 ./Drivers/STM32H7RSxx_HAL_Driver/stm32h7rsxx_hal.o
                0x24000004                uwTickPrio
 .data.uwTickFreq
                0x24000008        0x1 ./Drivers/STM32H7RSxx_HAL_Driver/stm32h7rsxx_hal.o
                0x24000008                uwTickFreq
 *(.RamFunc)
 *(.RamFunc*)
                0x2400000c                        . = ALIGN (0x4)
 *fill*         0x24000009        0x3 
                0x2400000c                        _edata = .

.igot.plt       0x2400000c        0x0 load address 0x08009570
 .igot.plt      0x2400000c        0x0 C:/ST/STM32CubeIDE_1.19.0/STM32CubeIDE/plugins/com.st.stm32cube.ide.mcu.externaltools.gnu-tools-for-stm32.13.3.rel1.win32_1.0.0.202411081344/tools/bin/../lib/gcc/arm-none-eabi/13.3.1/thumb/v7e-m+dp/hard/crtbegin.o

noncacheable_buffer
                0x2400000c     0x3024 load address 0x08009570
 noncacheable_buffer
                0x2400000c     0x3024 ./Core/Src/main.o
                0x2400000c                Node_GPDMA1_Channel0
                0x24000030                adc_dma_buffer
                0x24003030                        . = ALIGN (0x4)

.bss            0x24003030     0x5284 load address 0x0800c594
                0x24003030                        _sbss = .
                0x24003030                        __bss_start__ = _sbss
 *(.bss)
 .bss           0x24003030       0x1c C:/ST/STM32CubeIDE_1.19.0/STM32CubeIDE/plugins/com.st.stm32cube.ide.mcu.externaltools.gnu-tools-for-stm32.13.3.rel1.win32_1.0.0.202411081344/tools/bin/../lib/gcc/arm-none-eabi/13.3.1/thumb/v7e-m+dp/hard/crtbegin.o
 *(.bss*)
 .bss.tx_packet_buffer
                0x2400304c     0x2806 ./Core/Src/esp32_paquet.o
 *fill*         0x24005852        0x2 
 .bss.hadc1     0x24005854       0x68 ./Core/Src/main.o
                0x24005854                hadc1
 .bss.List_GPDMA1_Channel0
                0x240058bc       0x18 ./Core/Src/main.o
                0x240058bc                List_GPDMA1_Channel0
 .bss.handle_GPDMA1_Channel0
                0x240058d4       0x78 ./Core/Src/main.o
                0x240058d4                handle_GPDMA1_Channel0
 .bss.htim3     0x2400594c       0x4c ./Core/Src/main.o
                0x2400594c                htim3
 .bss.huart2    0x24005998       0x94 ./Core/Src/main.o
                0x24005998                huart2
 .bss.handle_GPDMA1_Channel1
                0x24005a2c       0x78 ./Core/Src/main.o
                0x24005a2c                handle_GPDMA1_Channel1
 .bss.processing_buffer
                0x24005aa4     0x2800 ./Core/Src/main.o
                0x24005aa4                processing_buffer
 .bss.data_ready_flag
                0x240082a4        0x1 ./Core/Src/main.o
                0x240082a4                data_ready_flag
 .bss.capture_state
                0x240082a5        0x1 ./Core/Src/main.o
                0x240082a5                capture_state
 .bss.uart_tx_in_progress
                0x240082a6        0x1 ./Core/Src/main.o
                0x240082a6                uart_tx_in_progress
 *fill*         0x240082a7        0x1 
 .bss.trigger_dma_count_at_trigger
                0x240082a8        0x4 ./Core/Src/main.o
                0x240082a8                trigger_dma_count_at_trigger
 .bss.post_trigger_samples_to_wait
                0x240082ac        0x4 ./Core/Src/main.o
                0x240082ac                post_trigger_samples_to_wait
 .bss.uwTick    0x240082b0        0x4 ./Drivers/STM32H7RSxx_HAL_Driver/stm32h7rsxx_hal.o
                0x240082b0                uwTick
 *(COMMON)
                0x240082b4                        . = ALIGN (0x4)
                0x240082b4                        _ebss = .
                0x240082b4                        __bss_end__ = _ebss

._user_heap_stack
                0x20000000      0x600
                0x20000000                        . = ALIGN (0x8)
                [!provide]                        PROVIDE (end = .)
                0x20000000                        PROVIDE (_end = .)
                0x20000200                        . = (. + _Min_Heap_Size)
 *fill*         0x20000000      0x200 
                0x20000600                        . = (. + _Min_Stack_Size)
 *fill*         0x20000200      0x400 
                0x20000600                        . = ALIGN (0x8)

.nocache        0x240082b4        0x0
                0x240082b4                        . = ALIGN (0x4)
 *(.noncacheable_buffer)
                0x240082b4                        . = ALIGN (0x4)

/DISCARD/
 libc.a(*)
 libm.a(*)
 libgcc.a(*)

.ARM.attributes
                0x00000000       0x2e
 *(.ARM.attributes)
 .ARM.attributes
                0x00000000       0x20 C:/ST/STM32CubeIDE_1.19.0/STM32CubeIDE/plugins/com.st.stm32cube.ide.mcu.externaltools.gnu-tools-for-stm32.13.3.rel1.win32_1.0.0.202411081344/tools/bin/../lib/gcc/arm-none-eabi/13.3.1/thumb/v7e-m+dp/hard/crti.o
 .ARM.attributes
                0x00000020       0x32 C:/ST/STM32CubeIDE_1.19.0/STM32CubeIDE/plugins/com.st.stm32cube.ide.mcu.externaltools.gnu-tools-for-stm32.13.3.rel1.win32_1.0.0.202411081344/tools/bin/../lib/gcc/arm-none-eabi/13.3.1/thumb/v7e-m+dp/hard/crtbegin.o
 .ARM.attributes
                0x00000052       0x32 ./Core/Src/esp32_paquet.o
 .ARM.attributes
                0x00000084       0x32 ./Core/Src/main.o
 .ARM.attributes
                0x000000b6       0x32 ./Core/Src/stm32h7rsxx_hal_msp.o
 .ARM.attributes
                0x000000e8       0x32 ./Core/Src/stm32h7rsxx_it.o
 .ARM.attributes
                0x0000011a       0x32 ./Core/Src/system_stm32h7rsxx.o
 .ARM.attributes
                0x0000014c       0x21 ./Core/Startup/startup_stm32h7s3l8hx.o
 .ARM.attributes
                0x0000016d       0x32 ./Drivers/STM32H7RSxx_HAL_Driver/stm32h7rsxx_hal.o
 .ARM.attributes
                0x0000019f       0x32 ./Drivers/STM32H7RSxx_HAL_Driver/stm32h7rsxx_hal_adc.o
 .ARM.attributes
                0x000001d1       0x32 ./Drivers/STM32H7RSxx_HAL_Driver/stm32h7rsxx_hal_adc_ex.o
 .ARM.attributes
                0x00000203       0x32 ./Drivers/STM32H7RSxx_HAL_Driver/stm32h7rsxx_hal_cortex.o
 .ARM.attributes
                0x00000235       0x32 ./Drivers/STM32H7RSxx_HAL_Driver/stm32h7rsxx_hal_dma.o
 .ARM.attributes
                0x00000267       0x32 ./Drivers/STM32H7RSxx_HAL_Driver/stm32h7rsxx_hal_dma_ex.o
 .ARM.attributes
                0x00000299       0x32 ./Drivers/STM32H7RSxx_HAL_Driver/stm32h7rsxx_hal_gpio.o
 .ARM.attributes
                0x000002cb       0x32 ./Drivers/STM32H7RSxx_HAL_Driver/stm32h7rsxx_hal_pwr_ex.o
 .ARM.attributes
                0x000002fd       0x32 ./Drivers/STM32H7RSxx_HAL_Driver/stm32h7rsxx_hal_rcc.o
 .ARM.attributes
                0x0000032f       0x32 ./Drivers/STM32H7RSxx_HAL_Driver/stm32h7rsxx_hal_rcc_ex.o
 .ARM.attributes
                0x00000361       0x32 ./Drivers/STM32H7RSxx_HAL_Driver/stm32h7rsxx_hal_tim.o
 .ARM.attributes
                0x00000393       0x32 ./Drivers/STM32H7RSxx_HAL_Driver/stm32h7rsxx_hal_tim_ex.o
 .ARM.attributes
                0x000003c5       0x32 ./Drivers/STM32H7RSxx_HAL_Driver/stm32h7rsxx_hal_uart.o
 .ARM.attributes
                0x000003f7       0x32 ./Drivers/STM32H7RSxx_HAL_Driver/stm32h7rsxx_hal_uart_ex.o
 .ARM.attributes
                0x00000429       0x32 C:/ST/STM32CubeIDE_1.19.0/STM32CubeIDE/plugins/com.st.stm32cube.ide.mcu.externaltools.gnu-tools-for-stm32.13.3.rel1.win32_1.0.0.202411081344/tools/bin/../lib/gcc/arm-none-eabi/13.3.1/../../../../arm-none-eabi/lib/thumb/v7e-m+dp/hard\libc_nano.a(libc_a-memset.o)
 .ARM.attributes
                0x0000045b       0x32 C:/ST/STM32CubeIDE_1.19.0/STM32CubeIDE/plugins/com.st.stm32cube.ide.mcu.externaltools.gnu-tools-for-stm32.13.3.rel1.win32_1.0.0.202411081344/tools/bin/../lib/gcc/arm-none-eabi/13.3.1/../../../../arm-none-eabi/lib/thumb/v7e-m+dp/hard\libc_nano.a(libc_a-init.o)
 .ARM.attributes
                0x0000048d       0x32 C:/ST/STM32CubeIDE_1.19.0/STM32CubeIDE/plugins/com.st.stm32cube.ide.mcu.externaltools.gnu-tools-for-stm32.13.3.rel1.win32_1.0.0.202411081344/tools/bin/../lib/gcc/arm-none-eabi/13.3.1/../../../../arm-none-eabi/lib/thumb/v7e-m+dp/hard\libc_nano.a(libc_a-memcpy-stub.o)
 .ARM.attributes
                0x000004bf       0x20 C:/ST/STM32CubeIDE_1.19.0/STM32CubeIDE/plugins/com.st.stm32cube.ide.mcu.externaltools.gnu-tools-for-stm32.13.3.rel1.win32_1.0.0.202411081344/tools/bin/../lib/gcc/arm-none-eabi/13.3.1/thumb/v7e-m+dp/hard\libgcc.a(_aeabi_uldivmod.o)
 .ARM.attributes
                0x000004df       0x32 C:/ST/STM32CubeIDE_1.19.0/STM32CubeIDE/plugins/com.st.stm32cube.ide.mcu.externaltools.gnu-tools-for-stm32.13.3.rel1.win32_1.0.0.202411081344/tools/bin/../lib/gcc/arm-none-eabi/13.3.1/thumb/v7e-m+dp/hard\libgcc.a(_udivmoddi4.o)
 .ARM.attributes
                0x00000511       0x20 C:/ST/STM32CubeIDE_1.19.0/STM32CubeIDE/plugins/com.st.stm32cube.ide.mcu.externaltools.gnu-tools-for-stm32.13.3.rel1.win32_1.0.0.202411081344/tools/bin/../lib/gcc/arm-none-eabi/13.3.1/thumb/v7e-m+dp/hard\libgcc.a(_dvmd_tls.o)
 .ARM.attributes
                0x00000531       0x20 C:/ST/STM32CubeIDE_1.19.0/STM32CubeIDE/plugins/com.st.stm32cube.ide.mcu.externaltools.gnu-tools-for-stm32.13.3.rel1.win32_1.0.0.202411081344/tools/bin/../lib/gcc/arm-none-eabi/13.3.1/thumb/v7e-m+dp/hard/crtn.o
OUTPUT(signal_analysis_Boot.elf elf32-littlearm)
LOAD linker stubs
LOAD C:/ST/STM32CubeIDE_1.19.0/STM32CubeIDE/plugins/com.st.stm32cube.ide.mcu.externaltools.gnu-tools-for-stm32.13.3.rel1.win32_1.0.0.202411081344/tools/bin/../lib/gcc/arm-none-eabi/13.3.1/../../../../arm-none-eabi/lib/thumb/v7e-m+dp/hard\libc.a
LOAD C:/ST/STM32CubeIDE_1.19.0/STM32CubeIDE/plugins/com.st.stm32cube.ide.mcu.externaltools.gnu-tools-for-stm32.13.3.rel1.win32_1.0.0.202411081344/tools/bin/../lib/gcc/arm-none-eabi/13.3.1/../../../../arm-none-eabi/lib/thumb/v7e-m+dp/hard\libm.a
LOAD C:/ST/STM32CubeIDE_1.19.0/STM32CubeIDE/plugins/com.st.stm32cube.ide.mcu.externaltools.gnu-tools-for-stm32.13.3.rel1.win32_1.0.0.202411081344/tools/bin/../lib/gcc/arm-none-eabi/13.3.1/thumb/v7e-m+dp/hard\libgcc.a

.debug_info     0x00000000    0x1d9c4
 .debug_info    0x00000000      0xa16 ./Core/Src/esp32_paquet.o
 .debug_info    0x00000a16     0x2db5 ./Core/Src/main.o
 .debug_info    0x000037cb     0x2087 ./Core/Src/stm32h7rsxx_hal_msp.o
 .debug_info    0x00005852      0x9cf ./Core/Src/stm32h7rsxx_it.o
 .debug_info    0x00006221      0x9bd ./Core/Src/system_stm32h7rsxx.o
 .debug_info    0x00006bde       0x30 ./Core/Startup/startup_stm32h7s3l8hx.o
 .debug_info    0x00006c0e     0x18a1 ./Drivers/STM32H7RSxx_HAL_Driver/stm32h7rsxx_hal.o
 .debug_info    0x000084af     0x2363 ./Drivers/STM32H7RSxx_HAL_Driver/stm32h7rsxx_hal_adc.o
 .debug_info    0x0000a812     0x2094 ./Drivers/STM32H7RSxx_HAL_Driver/stm32h7rsxx_hal_adc_ex.o
 .debug_info    0x0000c8a6     0x1103 ./Drivers/STM32H7RSxx_HAL_Driver/stm32h7rsxx_hal_cortex.o
 .debug_info    0x0000d9a9      0xafb ./Drivers/STM32H7RSxx_HAL_Driver/stm32h7rsxx_hal_dma.o
 .debug_info    0x0000e4a4     0x1892 ./Drivers/STM32H7RSxx_HAL_Driver/stm32h7rsxx_hal_dma_ex.o
 .debug_info    0x0000fd36      0x702 ./Drivers/STM32H7RSxx_HAL_Driver/stm32h7rsxx_hal_gpio.o
 .debug_info    0x00010438      0xb87 ./Drivers/STM32H7RSxx_HAL_Driver/stm32h7rsxx_hal_pwr_ex.o
 .debug_info    0x00010fbf     0x1464 ./Drivers/STM32H7RSxx_HAL_Driver/stm32h7rsxx_hal_rcc.o
 .debug_info    0x00012423      0xd71 ./Drivers/STM32H7RSxx_HAL_Driver/stm32h7rsxx_hal_rcc_ex.o
 .debug_info    0x00013194     0x2e48 ./Drivers/STM32H7RSxx_HAL_Driver/stm32h7rsxx_hal_tim.o
 .debug_info    0x00015fdc     0x1e9e ./Drivers/STM32H7RSxx_HAL_Driver/stm32h7rsxx_hal_tim_ex.o
 .debug_info    0x00017e7a     0x4a5c ./Drivers/STM32H7RSxx_HAL_Driver/stm32h7rsxx_hal_uart.o
 .debug_info    0x0001c8d6     0x10ee ./Drivers/STM32H7RSxx_HAL_Driver/stm32h7rsxx_hal_uart_ex.o

.debug_abbrev   0x00000000     0x303b
 .debug_abbrev  0x00000000      0x1c5 ./Core/Src/esp32_paquet.o
 .debug_abbrev  0x000001c5      0x3ed ./Core/Src/main.o
 .debug_abbrev  0x000005b2      0x298 ./Core/Src/stm32h7rsxx_hal_msp.o
 .debug_abbrev  0x0000084a      0x185 ./Core/Src/stm32h7rsxx_it.o
 .debug_abbrev  0x000009cf      0x12e ./Core/Src/system_stm32h7rsxx.o
 .debug_abbrev  0x00000afd       0x24 ./Core/Startup/startup_stm32h7s3l8hx.o
 .debug_abbrev  0x00000b21      0x34a ./Drivers/STM32H7RSxx_HAL_Driver/stm32h7rsxx_hal.o
 .debug_abbrev  0x00000e6b      0x2cc ./Drivers/STM32H7RSxx_HAL_Driver/stm32h7rsxx_hal_adc.o
 .debug_abbrev  0x00001137      0x2f1 ./Drivers/STM32H7RSxx_HAL_Driver/stm32h7rsxx_hal_adc_ex.o
 .debug_abbrev  0x00001428      0x31f ./Drivers/STM32H7RSxx_HAL_Driver/stm32h7rsxx_hal_cortex.o
 .debug_abbrev  0x00001747      0x1dd ./Drivers/STM32H7RSxx_HAL_Driver/stm32h7rsxx_hal_dma.o
 .debug_abbrev  0x00001924      0x21d ./Drivers/STM32H7RSxx_HAL_Driver/stm32h7rsxx_hal_dma_ex.o
 .debug_abbrev  0x00001b41      0x1ec ./Drivers/STM32H7RSxx_HAL_Driver/stm32h7rsxx_hal_gpio.o
 .debug_abbrev  0x00001d2d      0x250 ./Drivers/STM32H7RSxx_HAL_Driver/stm32h7rsxx_hal_pwr_ex.o
 .debug_abbrev  0x00001f7d      0x2df ./Drivers/STM32H7RSxx_HAL_Driver/stm32h7rsxx_hal_rcc.o
 .debug_abbrev  0x0000225c      0x24f ./Drivers/STM32H7RSxx_HAL_Driver/stm32h7rsxx_hal_rcc_ex.o
 .debug_abbrev  0x000024ab      0x2bd ./Drivers/STM32H7RSxx_HAL_Driver/stm32h7rsxx_hal_tim.o
 .debug_abbrev  0x00002768      0x2c7 ./Drivers/STM32H7RSxx_HAL_Driver/stm32h7rsxx_hal_tim_ex.o
 .debug_abbrev  0x00002a2f      0x338 ./Drivers/STM32H7RSxx_HAL_Driver/stm32h7rsxx_hal_uart.o
 .debug_abbrev  0x00002d67      0x2d4 ./Drivers/STM32H7RSxx_HAL_Driver/stm32h7rsxx_hal_uart_ex.o

.debug_aranges  0x00000000     0x18f0
 .debug_aranges
                0x00000000       0x28 ./Core/Src/esp32_paquet.o
 .debug_aranges
                0x00000028       0xa0 ./Core/Src/main.o
 .debug_aranges
                0x000000c8       0x50 ./Core/Src/stm32h7rsxx_hal_msp.o
 .debug_aranges
                0x00000118       0x80 ./Core/Src/stm32h7rsxx_it.o
 .debug_aranges
                0x00000198       0x28 ./Core/Src/system_stm32h7rsxx.o
 .debug_aranges
                0x000001c0       0x28 ./Core/Startup/startup_stm32h7s3l8hx.o
 .debug_aranges
                0x000001e8      0x240 ./Drivers/STM32H7RSxx_HAL_Driver/stm32h7rsxx_hal.o
 .debug_aranges
                0x00000428      0x250 ./Drivers/STM32H7RSxx_HAL_Driver/stm32h7rsxx_hal_adc.o
 .debug_aranges
                0x00000678      0x1c8 ./Drivers/STM32H7RSxx_HAL_Driver/stm32h7rsxx_hal_adc_ex.o
 .debug_aranges
                0x00000840      0x130 ./Drivers/STM32H7RSxx_HAL_Driver/stm32h7rsxx_hal_cortex.o
 .debug_aranges
                0x00000970       0xa8 ./Drivers/STM32H7RSxx_HAL_Driver/stm32h7rsxx_hal_dma.o
 .debug_aranges
                0x00000a18      0x1a0 ./Drivers/STM32H7RSxx_HAL_Driver/stm32h7rsxx_hal_dma_ex.o
 .debug_aranges
                0x00000bb8       0x60 ./Drivers/STM32H7RSxx_HAL_Driver/stm32h7rsxx_hal_gpio.o
 .debug_aranges
                0x00000c18      0x1c8 ./Drivers/STM32H7RSxx_HAL_Driver/stm32h7rsxx_hal_pwr_ex.o
 .debug_aranges
                0x00000de0      0x130 ./Drivers/STM32H7RSxx_HAL_Driver/stm32h7rsxx_hal_rcc.o
 .debug_aranges
                0x00000f10       0xc8 ./Drivers/STM32H7RSxx_HAL_Driver/stm32h7rsxx_hal_rcc_ex.o
 .debug_aranges
                0x00000fd8      0x3e8 ./Drivers/STM32H7RSxx_HAL_Driver/stm32h7rsxx_hal_tim.o
 .debug_aranges
                0x000013c0      0x240 ./Drivers/STM32H7RSxx_HAL_Driver/stm32h7rsxx_hal_tim_ex.o
 .debug_aranges
                0x00001600      0x248 ./Drivers/STM32H7RSxx_HAL_Driver/stm32h7rsxx_hal_uart.o
 .debug_aranges
                0x00001848       0xa8 ./Drivers/STM32H7RSxx_HAL_Driver/stm32h7rsxx_hal_uart_ex.o

.debug_rnglists
                0x00000000     0x1375
 .debug_rnglists
                0x00000000       0x1b ./Core/Src/esp32_paquet.o
 .debug_rnglists
                0x0000001b       0x7a ./Core/Src/main.o
 .debug_rnglists
                0x00000095       0x39 ./Core/Src/stm32h7rsxx_hal_msp.o
 .debug_rnglists
                0x000000ce       0x5b ./Core/Src/stm32h7rsxx_it.o
 .debug_rnglists
                0x00000129       0x1a ./Core/Src/system_stm32h7rsxx.o
 .debug_rnglists
                0x00000143       0x19 ./Core/Startup/startup_stm32h7s3l8hx.o
 .debug_rnglists
                0x0000015c      0x1ae ./Drivers/STM32H7RSxx_HAL_Driver/stm32h7rsxx_hal.o
 .debug_rnglists
                0x0000030a      0x1c6 ./Drivers/STM32H7RSxx_HAL_Driver/stm32h7rsxx_hal_adc.o
 .debug_rnglists
                0x000004d0      0x160 ./Drivers/STM32H7RSxx_HAL_Driver/stm32h7rsxx_hal_adc_ex.o
 .debug_rnglists
                0x00000630       0xe0 ./Drivers/STM32H7RSxx_HAL_Driver/stm32h7rsxx_hal_cortex.o
 .debug_rnglists
                0x00000710       0x84 ./Drivers/STM32H7RSxx_HAL_Driver/stm32h7rsxx_hal_dma.o
 .debug_rnglists
                0x00000794      0x155 ./Drivers/STM32H7RSxx_HAL_Driver/stm32h7rsxx_hal_dma_ex.o
 .debug_rnglists
                0x000008e9       0x45 ./Drivers/STM32H7RSxx_HAL_Driver/stm32h7rsxx_hal_gpio.o
 .debug_rnglists
                0x0000092e      0x154 ./Drivers/STM32H7RSxx_HAL_Driver/stm32h7rsxx_hal_pwr_ex.o
 .debug_rnglists
                0x00000a82       0xea ./Drivers/STM32H7RSxx_HAL_Driver/stm32h7rsxx_hal_rcc.o
 .debug_rnglists
                0x00000b6c       0x98 ./Drivers/STM32H7RSxx_HAL_Driver/stm32h7rsxx_hal_rcc_ex.o
 .debug_rnglists
                0x00000c04      0x32e ./Drivers/STM32H7RSxx_HAL_Driver/stm32h7rsxx_hal_tim.o
 .debug_rnglists
                0x00000f32      0x1ca ./Drivers/STM32H7RSxx_HAL_Driver/stm32h7rsxx_hal_tim_ex.o
 .debug_rnglists
                0x000010fc      0x1fa ./Drivers/STM32H7RSxx_HAL_Driver/stm32h7rsxx_hal_uart.o
 .debug_rnglists
                0x000012f6       0x7f ./Drivers/STM32H7RSxx_HAL_Driver/stm32h7rsxx_hal_uart_ex.o

.debug_macro    0x00000000    0x33d6d
 .debug_macro   0x00000000      0x305 ./Core/Src/esp32_paquet.o
 .debug_macro   0x00000305      0xaf0 ./Core/Src/esp32_paquet.o
 .debug_macro   0x00000df5       0x22 ./Core/Src/esp32_paquet.o
 .debug_macro   0x00000e17       0x5b ./Core/Src/esp32_paquet.o
 .debug_macro   0x00000e72       0x29 ./Core/Src/esp32_paquet.o
 .debug_macro   0x00000e9b       0x94 ./Core/Src/esp32_paquet.o
 .debug_macro   0x00000f2f       0x43 ./Core/Src/esp32_paquet.o
 .debug_macro   0x00000f72       0x34 ./Core/Src/esp32_paquet.o
 .debug_macro   0x00000fa6      0x190 ./Core/Src/esp32_paquet.o
 .debug_macro   0x00001136       0x57 ./Core/Src/esp32_paquet.o
 .debug_macro   0x0000118d      0x370 ./Core/Src/esp32_paquet.o
 .debug_macro   0x000014fd       0x16 ./Core/Src/esp32_paquet.o
 .debug_macro   0x00001513       0x4a ./Core/Src/esp32_paquet.o
 .debug_macro   0x0000155d       0x34 ./Core/Src/esp32_paquet.o
 .debug_macro   0x00001591       0x10 ./Core/Src/esp32_paquet.o
 .debug_macro   0x000015a1       0x58 ./Core/Src/esp32_paquet.o
 .debug_macro   0x000015f9       0x8e ./Core/Src/esp32_paquet.o
 .debug_macro   0x00001687       0x1c ./Core/Src/esp32_paquet.o
 .debug_macro   0x000016a3      0x185 ./Core/Src/esp32_paquet.o
 .debug_macro   0x00001828       0x10 ./Core/Src/esp32_paquet.o
 .debug_macro   0x00001838       0x3c ./Core/Src/esp32_paquet.o
 .debug_macro   0x00001874       0x20 ./Core/Src/esp32_paquet.o
 .debug_macro   0x00001894      0x103 ./Core/Src/esp32_paquet.o
 .debug_macro   0x00001997       0x6a ./Core/Src/esp32_paquet.o
 .debug_macro   0x00001a01      0x1df ./Core/Src/esp32_paquet.o
 .debug_macro   0x00001be0       0x46 ./Core/Src/esp32_paquet.o
 .debug_macro   0x00001c26      0x1c2 ./Core/Src/esp32_paquet.o
 .debug_macro   0x00001de8       0x2e ./Core/Src/esp32_paquet.o
 .debug_macro   0x00001e16       0x42 ./Core/Src/esp32_paquet.o
 .debug_macro   0x00001e58       0x1c ./Core/Src/esp32_paquet.o
 .debug_macro   0x00001e74       0x22 ./Core/Src/esp32_paquet.o
 .debug_macro   0x00001e96       0xfb ./Core/Src/esp32_paquet.o
 .debug_macro   0x00001f91     0x1313 ./Core/Src/esp32_paquet.o
 .debug_macro   0x000032a4      0x11f ./Core/Src/esp32_paquet.o
 .debug_macro   0x000033c3       0x22 ./Core/Src/esp32_paquet.o
 .debug_macro   0x000033e5    0x21462 ./Core/Src/esp32_paquet.o
 .debug_macro   0x00024847       0x6d ./Core/Src/esp32_paquet.o
 .debug_macro   0x000248b4     0x3478 ./Core/Src/esp32_paquet.o
 .debug_macro   0x00027d2c      0x19b ./Core/Src/esp32_paquet.o
 .debug_macro   0x00027ec7       0x64 ./Core/Src/esp32_paquet.o
 .debug_macro   0x00027f2b      0xac3 ./Core/Src/esp32_paquet.o
 .debug_macro   0x000289ee     0x1f68 ./Core/Src/esp32_paquet.o
 .debug_macro   0x0002a956      0x93a ./Core/Src/esp32_paquet.o
 .debug_macro   0x0002b290      0x170 ./Core/Src/esp32_paquet.o
 .debug_macro   0x0002b400      0x1ba ./Core/Src/esp32_paquet.o
 .debug_macro   0x0002b5ba      0x2e8 ./Core/Src/esp32_paquet.o
 .debug_macro   0x0002b8a2      0x590 ./Core/Src/esp32_paquet.o
 .debug_macro   0x0002be32      0x52e ./Core/Src/esp32_paquet.o
 .debug_macro   0x0002c360       0xba ./Core/Src/esp32_paquet.o
 .debug_macro   0x0002c41a      0x27c ./Core/Src/esp32_paquet.o
 .debug_macro   0x0002c696      0xf52 ./Core/Src/esp32_paquet.o
 .debug_macro   0x0002d5e8      0x68d ./Core/Src/esp32_paquet.o
 .debug_macro   0x0002dc75      0x30c ./Core/Src/esp32_paquet.o
 .debug_macro   0x0002df81      0x2c0 ./Core/Src/esp32_paquet.o
 .debug_macro   0x0002e241      0x3fb ./Core/Src/esp32_paquet.o
 .debug_macro   0x0002e63c       0xb0 ./Core/Src/esp32_paquet.o
 .debug_macro   0x0002e6ec      0x11c ./Core/Src/esp32_paquet.o
 .debug_macro   0x0002e808      0x210 ./Core/Src/esp32_paquet.o
 .debug_macro   0x0002ea18      0x2a0 ./Core/Src/esp32_paquet.o
 .debug_macro   0x0002ecb8       0x3c ./Core/Src/esp32_paquet.o
 .debug_macro   0x0002ecf4      0xc12 ./Core/Src/esp32_paquet.o
 .debug_macro   0x0002f906      0x39b ./Core/Src/esp32_paquet.o
 .debug_macro   0x0002fca1      0x693 ./Core/Src/esp32_paquet.o
 .debug_macro   0x00030334       0xa6 ./Core/Src/esp32_paquet.o
 .debug_macro   0x000303da      0x58d ./Core/Src/esp32_paquet.o
 .debug_macro   0x00030967       0x34 ./Core/Src/esp32_paquet.o
 .debug_macro   0x0003099b      0x312 ./Core/Src/main.o
 .debug_macro   0x00030cad       0x8e ./Core/Src/main.o
 .debug_macro   0x00030d3b       0x51 ./Core/Src/main.o
 .debug_macro   0x00030d8c       0x61 ./Core/Src/main.o
 .debug_macro   0x00030ded       0x16 ./Core/Src/main.o
 .debug_macro   0x00030e03       0x22 ./Core/Src/main.o
 .debug_macro   0x00030e25       0x4c ./Core/Src/main.o
 .debug_macro   0x00030e71      0x2bc ./Core/Src/stm32h7rsxx_hal_msp.o
 .debug_macro   0x0003112d      0x2c6 ./Core/Src/stm32h7rsxx_it.o
 .debug_macro   0x000313f3      0x2b3 ./Core/Src/system_stm32h7rsxx.o
 .debug_macro   0x000316a6      0x2ef ./Drivers/STM32H7RSxx_HAL_Driver/stm32h7rsxx_hal.o
 .debug_macro   0x00031995      0x2ca ./Drivers/STM32H7RSxx_HAL_Driver/stm32h7rsxx_hal_adc.o
 .debug_macro   0x00031c5f      0x2b9 ./Drivers/STM32H7RSxx_HAL_Driver/stm32h7rsxx_hal_adc_ex.o
 .debug_macro   0x00031f18      0x2ad ./Drivers/STM32H7RSxx_HAL_Driver/stm32h7rsxx_hal_cortex.o
 .debug_macro   0x000321c5      0x2ae ./Drivers/STM32H7RSxx_HAL_Driver/stm32h7rsxx_hal_dma.o
 .debug_macro   0x00032473      0x2ae ./Drivers/STM32H7RSxx_HAL_Driver/stm32h7rsxx_hal_dma_ex.o
 .debug_macro   0x00032721      0x2b4 ./Drivers/STM32H7RSxx_HAL_Driver/stm32h7rsxx_hal_gpio.o
 .debug_macro   0x000329d5      0x2e6 ./Drivers/STM32H7RSxx_HAL_Driver/stm32h7rsxx_hal_pwr_ex.o
 .debug_macro   0x00032cbb      0x313 ./Drivers/STM32H7RSxx_HAL_Driver/stm32h7rsxx_hal_rcc.o
 .debug_macro   0x00032fce      0x2ad ./Drivers/STM32H7RSxx_HAL_Driver/stm32h7rsxx_hal_rcc_ex.o
 .debug_macro   0x0003327b      0x2ae ./Drivers/STM32H7RSxx_HAL_Driver/stm32h7rsxx_hal_tim.o
 .debug_macro   0x00033529      0x2b3 ./Drivers/STM32H7RSxx_HAL_Driver/stm32h7rsxx_hal_tim_ex.o
 .debug_macro   0x000337dc      0x2d8 ./Drivers/STM32H7RSxx_HAL_Driver/stm32h7rsxx_hal_uart.o
 .debug_macro   0x00033ab4      0x2b9 ./Drivers/STM32H7RSxx_HAL_Driver/stm32h7rsxx_hal_uart_ex.o

.debug_line     0x00000000    0x1e69d
 .debug_line    0x00000000      0xaec ./Core/Src/esp32_paquet.o
 .debug_line    0x00000aec      0xfea ./Core/Src/main.o
 .debug_line    0x00001ad6      0xbf7 ./Core/Src/stm32h7rsxx_hal_msp.o
 .debug_line    0x000026cd      0xb1c ./Core/Src/stm32h7rsxx_it.o
 .debug_line    0x000031e9      0xb14 ./Core/Src/system_stm32h7rsxx.o
 .debug_line    0x00003cfd       0x7b ./Core/Startup/startup_stm32h7s3l8hx.o
 .debug_line    0x00003d78     0x127a ./Drivers/STM32H7RSxx_HAL_Driver/stm32h7rsxx_hal.o
 .debug_line    0x00004ff2     0x233b ./Drivers/STM32H7RSxx_HAL_Driver/stm32h7rsxx_hal_adc.o
 .debug_line    0x0000732d     0x1d6f ./Drivers/STM32H7RSxx_HAL_Driver/stm32h7rsxx_hal_adc_ex.o
 .debug_line    0x0000909c     0x1022 ./Drivers/STM32H7RSxx_HAL_Driver/stm32h7rsxx_hal_cortex.o
 .debug_line    0x0000a0be     0x14ee ./Drivers/STM32H7RSxx_HAL_Driver/stm32h7rsxx_hal_dma.o
 .debug_line    0x0000b5ac     0x2999 ./Drivers/STM32H7RSxx_HAL_Driver/stm32h7rsxx_hal_dma_ex.o
 .debug_line    0x0000df45      0xdf9 ./Drivers/STM32H7RSxx_HAL_Driver/stm32h7rsxx_hal_gpio.o
 .debug_line    0x0000ed3e     0x1268 ./Drivers/STM32H7RSxx_HAL_Driver/stm32h7rsxx_hal_pwr_ex.o
 .debug_line    0x0000ffa6     0x1a9c ./Drivers/STM32H7RSxx_HAL_Driver/stm32h7rsxx_hal_rcc.o
 .debug_line    0x00011a42     0x1de8 ./Drivers/STM32H7RSxx_HAL_Driver/stm32h7rsxx_hal_rcc_ex.o
 .debug_line    0x0001382a     0x42d2 ./Drivers/STM32H7RSxx_HAL_Driver/stm32h7rsxx_hal_tim.o
 .debug_line    0x00017afc     0x2224 ./Drivers/STM32H7RSxx_HAL_Driver/stm32h7rsxx_hal_tim_ex.o
 .debug_line    0x00019d20     0x39d2 ./Drivers/STM32H7RSxx_HAL_Driver/stm32h7rsxx_hal_uart.o
 .debug_line    0x0001d6f2      0xfab ./Drivers/STM32H7RSxx_HAL_Driver/stm32h7rsxx_hal_uart_ex.o

.debug_str      0x00000000   0x156f75
 .debug_str     0x00000000   0x156f75 ./Core/Src/esp32_paquet.o
                             0x14ede3 (size before relaxing)
 .debug_str     0x00156f75   0x150c06 ./Core/Src/main.o
 .debug_str     0x00156f75   0x15020f ./Core/Src/stm32h7rsxx_hal_msp.o
 .debug_str     0x00156f75   0x14ec2e ./Core/Src/stm32h7rsxx_it.o
 .debug_str     0x00156f75   0x14e823 ./Core/Src/system_stm32h7rsxx.o
 .debug_str     0x00156f75       0x91 ./Core/Startup/startup_stm32h7s3l8hx.o
 .debug_str     0x00156f75   0x14fcf0 ./Drivers/STM32H7RSxx_HAL_Driver/stm32h7rsxx_hal.o
 .debug_str     0x00156f75   0x14f8ad ./Drivers/STM32H7RSxx_HAL_Driver/stm32h7rsxx_hal_adc.o
 .debug_str     0x00156f75   0x14f85c ./Drivers/STM32H7RSxx_HAL_Driver/stm32h7rsxx_hal_adc_ex.o
 .debug_str     0x00156f75   0x14f2f2 ./Drivers/STM32H7RSxx_HAL_Driver/stm32h7rsxx_hal_cortex.o
 .debug_str     0x00156f75   0x14eb79 ./Drivers/STM32H7RSxx_HAL_Driver/stm32h7rsxx_hal_dma.o
 .debug_str     0x00156f75   0x14f1aa ./Drivers/STM32H7RSxx_HAL_Driver/stm32h7rsxx_hal_dma_ex.o
 .debug_str     0x00156f75   0x14e711 ./Drivers/STM32H7RSxx_HAL_Driver/stm32h7rsxx_hal_gpio.o
 .debug_str     0x00156f75   0x14edcf ./Drivers/STM32H7RSxx_HAL_Driver/stm32h7rsxx_hal_pwr_ex.o
 .debug_str     0x00156f75   0x14f1c7 ./Drivers/STM32H7RSxx_HAL_Driver/stm32h7rsxx_hal_rcc.o
 .debug_str     0x00156f75   0x14ef77 ./Drivers/STM32H7RSxx_HAL_Driver/stm32h7rsxx_hal_rcc_ex.o
 .debug_str     0x00156f75   0x14fc1e ./Drivers/STM32H7RSxx_HAL_Driver/stm32h7rsxx_hal_tim.o
 .debug_str     0x00156f75   0x14f868 ./Drivers/STM32H7RSxx_HAL_Driver/stm32h7rsxx_hal_tim_ex.o
 .debug_str     0x00156f75   0x14f874 ./Drivers/STM32H7RSxx_HAL_Driver/stm32h7rsxx_hal_uart.o
 .debug_str     0x00156f75   0x14eea8 ./Drivers/STM32H7RSxx_HAL_Driver/stm32h7rsxx_hal_uart_ex.o

.comment        0x00000000       0x43
 .comment       0x00000000       0x43 ./Core/Src/esp32_paquet.o
                                 0x44 (size before relaxing)
 .comment       0x00000043       0x44 ./Core/Src/main.o
 .comment       0x00000043       0x44 ./Core/Src/stm32h7rsxx_hal_msp.o
 .comment       0x00000043       0x44 ./Core/Src/stm32h7rsxx_it.o
 .comment       0x00000043       0x44 ./Core/Src/system_stm32h7rsxx.o
 .comment       0x00000043       0x44 ./Drivers/STM32H7RSxx_HAL_Driver/stm32h7rsxx_hal.o
 .comment       0x00000043       0x44 ./Drivers/STM32H7RSxx_HAL_Driver/stm32h7rsxx_hal_adc.o
 .comment       0x00000043       0x44 ./Drivers/STM32H7RSxx_HAL_Driver/stm32h7rsxx_hal_adc_ex.o
 .comment       0x00000043       0x44 ./Drivers/STM32H7RSxx_HAL_Driver/stm32h7rsxx_hal_cortex.o
 .comment       0x00000043       0x44 ./Drivers/STM32H7RSxx_HAL_Driver/stm32h7rsxx_hal_dma.o
 .comment       0x00000043       0x44 ./Drivers/STM32H7RSxx_HAL_Driver/stm32h7rsxx_hal_dma_ex.o
 .comment       0x00000043       0x44 ./Drivers/STM32H7RSxx_HAL_Driver/stm32h7rsxx_hal_gpio.o
 .comment       0x00000043       0x44 ./Drivers/STM32H7RSxx_HAL_Driver/stm32h7rsxx_hal_pwr_ex.o
 .comment       0x00000043       0x44 ./Drivers/STM32H7RSxx_HAL_Driver/stm32h7rsxx_hal_rcc.o
 .comment       0x00000043       0x44 ./Drivers/STM32H7RSxx_HAL_Driver/stm32h7rsxx_hal_rcc_ex.o
 .comment       0x00000043       0x44 ./Drivers/STM32H7RSxx_HAL_Driver/stm32h7rsxx_hal_tim.o
 .comment       0x00000043       0x44 ./Drivers/STM32H7RSxx_HAL_Driver/stm32h7rsxx_hal_tim_ex.o
 .comment       0x00000043       0x44 ./Drivers/STM32H7RSxx_HAL_Driver/stm32h7rsxx_hal_uart.o
 .comment       0x00000043       0x44 ./Drivers/STM32H7RSxx_HAL_Driver/stm32h7rsxx_hal_uart_ex.o

.debug_frame    0x00000000     0x6d84
 .debug_frame   0x00000000       0x5c ./Core/Src/esp32_paquet.o
 .debug_frame   0x0000005c      0x25c ./Core/Src/main.o
 .debug_frame   0x000002b8      0x11c ./Core/Src/stm32h7rsxx_hal_msp.o
 .debug_frame   0x000003d4      0x174 ./Core/Src/stm32h7rsxx_it.o
 .debug_frame   0x00000548       0x58 ./Core/Src/system_stm32h7rsxx.o
 .debug_frame   0x000005a0      0x9a0 ./Drivers/STM32H7RSxx_HAL_Driver/stm32h7rsxx_hal.o
 .debug_frame   0x00000f40      0xaf8 ./Drivers/STM32H7RSxx_HAL_Driver/stm32h7rsxx_hal_adc.o
 .debug_frame   0x00001a38      0x844 ./Drivers/STM32H7RSxx_HAL_Driver/stm32h7rsxx_hal_adc_ex.o
 .debug_frame   0x0000227c      0x508 ./Drivers/STM32H7RSxx_HAL_Driver/stm32h7rsxx_hal_cortex.o
 .debug_frame   0x00002784      0x2c8 ./Drivers/STM32H7RSxx_HAL_Driver/stm32h7rsxx_hal_dma.o
 .debug_frame   0x00002a4c      0x754 ./Drivers/STM32H7RSxx_HAL_Driver/stm32h7rsxx_hal_dma_ex.o
 .debug_frame   0x000031a0      0x174 ./Drivers/STM32H7RSxx_HAL_Driver/stm32h7rsxx_hal_gpio.o
 .debug_frame   0x00003314      0x758 ./Drivers/STM32H7RSxx_HAL_Driver/stm32h7rsxx_hal_pwr_ex.o
 .debug_frame   0x00003a6c      0x510 ./Drivers/STM32H7RSxx_HAL_Driver/stm32h7rsxx_hal_rcc.o
 .debug_frame   0x00003f7c      0x32c ./Drivers/STM32H7RSxx_HAL_Driver/stm32h7rsxx_hal_rcc_ex.o
 .debug_frame   0x000042a8     0x124c ./Drivers/STM32H7RSxx_HAL_Driver/stm32h7rsxx_hal_tim.o
 .debug_frame   0x000054f4      0xa70 ./Drivers/STM32H7RSxx_HAL_Driver/stm32h7rsxx_hal_tim_ex.o
 .debug_frame   0x00005f64      0xa8c ./Drivers/STM32H7RSxx_HAL_Driver/stm32h7rsxx_hal_uart.o
 .debug_frame   0x000069f0      0x2c0 ./Drivers/STM32H7RSxx_HAL_Driver/stm32h7rsxx_hal_uart_ex.o
 .debug_frame   0x00006cb0       0x20 C:/ST/STM32CubeIDE_1.19.0/STM32CubeIDE/plugins/com.st.stm32cube.ide.mcu.externaltools.gnu-tools-for-stm32.13.3.rel1.win32_1.0.0.202411081344/tools/bin/../lib/gcc/arm-none-eabi/13.3.1/../../../../arm-none-eabi/lib/thumb/v7e-m+dp/hard\libc_nano.a(libc_a-memset.o)
 .debug_frame   0x00006cd0       0x2c C:/ST/STM32CubeIDE_1.19.0/STM32CubeIDE/plugins/com.st.stm32cube.ide.mcu.externaltools.gnu-tools-for-stm32.13.3.rel1.win32_1.0.0.202411081344/tools/bin/../lib/gcc/arm-none-eabi/13.3.1/../../../../arm-none-eabi/lib/thumb/v7e-m+dp/hard\libc_nano.a(libc_a-init.o)
 .debug_frame   0x00006cfc       0x28 C:/ST/STM32CubeIDE_1.19.0/STM32CubeIDE/plugins/com.st.stm32cube.ide.mcu.externaltools.gnu-tools-for-stm32.13.3.rel1.win32_1.0.0.202411081344/tools/bin/../lib/gcc/arm-none-eabi/13.3.1/../../../../arm-none-eabi/lib/thumb/v7e-m+dp/hard\libc_nano.a(libc_a-memcpy-stub.o)
 .debug_frame   0x00006d24       0x2c C:/ST/STM32CubeIDE_1.19.0/STM32CubeIDE/plugins/com.st.stm32cube.ide.mcu.externaltools.gnu-tools-for-stm32.13.3.rel1.win32_1.0.0.202411081344/tools/bin/../lib/gcc/arm-none-eabi/13.3.1/thumb/v7e-m+dp/hard\libgcc.a(_aeabi_uldivmod.o)
 .debug_frame   0x00006d50       0x34 C:/ST/STM32CubeIDE_1.19.0/STM32CubeIDE/plugins/com.st.stm32cube.ide.mcu.externaltools.gnu-tools-for-stm32.13.3.rel1.win32_1.0.0.202411081344/tools/bin/../lib/gcc/arm-none-eabi/13.3.1/thumb/v7e-m+dp/hard\libgcc.a(_udivmoddi4.o)

.debug_line_str
                0x00000000       0x75
 .debug_line_str
                0x00000000       0x75 ./Core/Startup/startup_stm32h7s3l8hx.o
