../Core/Src/main.c:96:6:HAL_GPIO_EXTI_Callback	32	static,ignoring_inline_asm
../Core/Src/main.c:120:6:handle_capture_logic	48	static,ignoring_inline_asm
../Core/Src/main.c:171:6:HAL_ADC_ConvHalfCpltCallback	16	static
../Core/Src/main.c:176:6:HAL_ADC_ConvCpltCallback	16	static
../Core/Src/main.c:186:6:HAL_UART_TxCpltCallback	16	static
../Core/Src/main.c:202:6:HAL_UART_ErrorCallback	16	static
../Core/Src/main.c:220:5:main	24	static,ignoring_inline_asm
../Core/Src/main.c:308:6:SystemClock_Config	200	static
../Core/Src/main.c:367:6:PeriphCommonClock_Config	144	static
../Core/Src/main.c:386:13:MX_ADC1_Init	56	static
../Core/Src/main.c:455:13:MX_GPDMA1_Init	16	static
../Core/Src/main.c:485:13:MX_SBS_Init	4	static
../Core/Src/main.c:506:13:MX_TIM3_Init	40	static
../Core/Src/main.c:551:13:MX_USART2_UART_Init	8	static
../Core/Src/main.c:599:13:MX_GPIO_Init	48	static
../Core/Src/main.c:653:13:MPU_Config	24	static
../Core/Src/main.c:693:6:Error_Handler	4	static,ignoring_inline_asm
